Archive member included to satisfy reference by file (symbol)

app/libapp.a(main.c.obj)      (--whole-archive)
zephyr/libzephyr.a(validate_libc.c.obj)
                              (--whole-archive)
zephyr/libzephyr.a(heap.c.obj)
                              (--whole-archive)
zephyr/libzephyr.a(boot_banner.c.obj)
                              (--whole-archive)
zephyr/libzephyr.a(cbprintf_packaged.c.obj)
                              (--whole-archive)
zephyr/libzephyr.a(clock.c.obj)
                              (--whole-archive)
zephyr/libzephyr.a(printk.c.obj)
                              (--whole-archive)
zephyr/libzephyr.a(cbprintf_complete.c.obj)
                              (--whole-archive)
zephyr/libzephyr.a(cbprintf.c.obj)
                              (--whole-archive)
zephyr/libzephyr.a(assert.c.obj)
                              (--whole-archive)
zephyr/libzephyr.a(dec.c.obj)
                              (--whole-archive)
zephyr/libzephyr.a(hex.c.obj)
                              (--whole-archive)
zephyr/libzephyr.a(rb.c.obj)  (--whole-archive)
zephyr/libzephyr.a(set.c.obj)
                              (--whole-archive)
zephyr/libzephyr.a(timeutil.c.obj)
                              (--whole-archive)
zephyr/libzephyr.a(bitarray.c.obj)
                              (--whole-archive)
zephyr/libzephyr.a(bitmask.c.obj)
                              (--whole-archive)
zephyr/libzephyr.a(getopt.c.obj)
                              (--whole-archive)
zephyr/libzephyr.a(getopt_common.c.obj)
                              (--whole-archive)
zephyr/libzephyr.a(ring_buffer.c.obj)
                              (--whole-archive)
zephyr/libzephyr.a(last_section_id.c.obj)
                              (--whole-archive)
zephyr/libzephyr.a(configs.c.obj)
                              (--whole-archive)
zephyr/libzephyr.a(soc.c.obj)
                              (--whole-archive)
zephyr/libzephyr.a(mpu_regions.c.obj)
                              (--whole-archive)
zephyr/libzephyr.a(s32k5xx_startup.S.obj)
                              (--whole-archive)
zephyr/libzephyr.a(swt_disable.c.obj)
                              (--whole-archive)
zephyr/libzephyr.a(osif.c.obj)
                              (--whole-archive)
zephyr/libzephyr.a(mc_me.c.obj)
                              (--whole-archive)
zephyr/libzephyr.a(mem_attr.c.obj)
                              (--whole-archive)
zephyr/libzephyr.a(tracing_none.c.obj)
                              (--whole-archive)
zephyr/libzephyr.a(sem.c.obj)
                              (--whole-archive)
zephyr/libzephyr.a(thread_entry.c.obj)
                              (--whole-archive)
zephyr/arch/common/libarch__common.a(sw_isr_common.c.obj)
                              (--whole-archive)
zephyr/arch/common/libarch__common.a(init.c.obj)
                              (--whole-archive)
zephyr/arch/common/libarch__common.a(xip.c.obj)
                              (--whole-archive)
zephyr/arch/arch/arm/core/libarch__arm__core.a(fatal.c.obj)
                              (--whole-archive)
zephyr/arch/arch/arm/core/libarch__arm__core.a(nmi.c.obj)
                              (--whole-archive)
zephyr/arch/arch/arm/core/libarch__arm__core.a(nmi_on_reset.S.obj)
                              (--whole-archive)
zephyr/arch/arch/arm/core/cortex_m/libarch__arm__core__cortex_m.a(fault.c.obj)
                              (--whole-archive)
zephyr/arch/arch/arm/core/cortex_m/libarch__arm__core__cortex_m.a(fault_s.S.obj)
                              (--whole-archive)
zephyr/arch/arch/arm/core/cortex_m/libarch__arm__core__cortex_m.a(fpu.c.obj)
                              (--whole-archive)
zephyr/arch/arch/arm/core/cortex_m/libarch__arm__core__cortex_m.a(reset.S.obj)
                              (--whole-archive)
zephyr/arch/arch/arm/core/cortex_m/libarch__arm__core__cortex_m.a(scb.c.obj)
                              (--whole-archive)
zephyr/arch/arch/arm/core/cortex_m/libarch__arm__core__cortex_m.a(vector_table.S.obj)
                              (--whole-archive)
zephyr/arch/arch/arm/core/cortex_m/libarch__arm__core__cortex_m.a(svc.S.obj)
                              (--whole-archive)
zephyr/arch/arch/arm/core/cortex_m/libarch__arm__core__cortex_m.a(irq_manage.c.obj)
                              (--whole-archive)
zephyr/arch/arch/arm/core/cortex_m/libarch__arm__core__cortex_m.a(prep_c.c.obj)
                              (--whole-archive)
zephyr/arch/arch/arm/core/cortex_m/libarch__arm__core__cortex_m.a(thread.c.obj)
                              (--whole-archive)
zephyr/arch/arch/arm/core/cortex_m/libarch__arm__core__cortex_m.a(cpu_idle.c.obj)
                              (--whole-archive)
zephyr/arch/arch/arm/core/cortex_m/libarch__arm__core__cortex_m.a(exc_exit.c.obj)
                              (--whole-archive)
zephyr/arch/arch/arm/core/cortex_m/libarch__arm__core__cortex_m.a(thread_abort.c.obj)
                              (--whole-archive)
[...]
Memory Configuration

Name             Origin             Length             Attributes
FLASH            0x08000100         0x02000000         xr
RAM              0x21000000         0x00080000         xw
IDT_LIST         0xffff7fff         0x00008000         xw
*default*        0x00000000         0xffffffff

Linker script and memory map

LOAD zephyr/CMakeFiles/zephyr_pre0.dir/misc/empty_file.c.obj
LOAD zephyr/CMakeFiles/offsets.dir/./arch/arm/core/offsets/offsets.c.obj
LOAD app/libapp.a
LOAD zephyr/libzephyr.a
LOAD zephyr/arch/common/libarch__common.a
LOAD zephyr/arch/arch/arm/core/libarch__arm__core.a
LOAD zephyr/arch/arch/arm/core/cortex_m/libarch__arm__core__cortex_m.a
LOAD zephyr/arch/arch/arm/core/mpu/libarch__arm__core__mpu.a
LOAD zephyr/lib/libc/minimal/liblib__libc__minimal.a
LOAD zephyr/lib/libc/common/liblib__libc__common.a
LOAD zephyr/subsys/portability/posix/c_lib_ext/libsubsys__portability__posix__c_lib_ext.a
LOAD zephyr/drivers/interrupt_controller/libdrivers__interrupt_controller.a
LOAD zephyr/drivers/clock_control/libdrivers__clock_control.a
LOAD zephyr/drivers/pinctrl/libdrivers__pinctrl.a
LOAD zephyr/drivers/timer/libdrivers__timer.a
LOAD modules/hal_nxp/libmodules__hal_nxp.a
LOAD zephyr/kernel/libkernel.a
LOAD zephyr/arch/common/libisr_tables.a
LOAD /usr/lib/gcc/arm-none-eabi/14.2.1/thumb/v7e-m+fp/hard/libgcc.a
                0x00000020                        _region_min_align = 0x20

.rel.plt        0x08000100        0x0
 *(SORT_BY_ALIGNMENT(.rel.plt))
                [!provide]                        PROVIDE (__rel_iplt_start = .)
 *(SORT_BY_ALIGNMENT(.rel.iplt))
 .rel.iplt      0x08000100        0x0 app/libapp.a(main.c.obj)
                [!provide]                        PROVIDE (__rel_iplt_end = .)

.rela.plt       0x00000000        0x0
 *(SORT_BY_ALIGNMENT(.rela.plt))
                [!provide]                        PROVIDE (__rela_iplt_start = .)
 *(SORT_BY_ALIGNMENT(.rela.iplt))
                [!provide]                        PROVIDE (__rela_iplt_end = .)

.rel.dyn
 *(SORT_BY_ALIGNMENT(.rel.*))

.rela.dyn
 *(SORT_BY_ALIGNMENT(.rela.*))

/DISCARD/
 *(SORT_BY_ALIGNMENT(.plt))

/DISCARD/
 *(SORT_BY_ALIGNMENT(.iplt))
                0x08000100                        __rom_region_start = 0x8000100

rom_start       0x08000100      0x6fc
                0x08000100                        __rom_start_address = .
 FILL mask 0x00
                0x08000100                        . = (. + (0x0 - (. - __rom_start_address)))
                0x08000100                        . = ALIGN (0x4)
                0x08000100                        . = ALIGN (0x80)
                0x08000400                        . = ALIGN (0x400)
 *fill*         0x08000100      0x300 00
                0x08000400                        _vector_start = .
 *(SORT_BY_ALIGNMENT(.exc_vector_table))
 *(SORT_BY_ALIGNMENT(.exc_vector_table.*))
 .exc_vector_table._vector_table_section
                0x08000400       0x40 zephyr/arch/arch/arm/core/cortex_m/libarch__arm__core__cortex_m.a(vector_table.S.obj)
                0x08000400                _vector_table
 *(SORT_BY_ALIGNMENT(.vectors))
                0x080007fc                        _vector_end = .
                0x08000440                        . = ALIGN (0x4)
 *(SORT_BY_ALIGNMENT(.gnu.linkonce.irq_vector_table*))
 .gnu.linkonce.irq_vector_table
                0x08000440      0x3bc zephyr/arch/common/libisr_tables.a(isr_tables.c.obj)
                0x08000440                _irq_vector_table
                0x080007fc                        _vector_end = .

text            0x08000800     0x6674
                0x08000800                        __text_region_start = .
 *(SORT_BY_ALIGNMENT(.text))
 .text          0x08000800       0x30 /usr/lib/gcc/arm-none-eabi/14.2.1/thumb/v7e-m+fp/hard/libgcc.a(_aeabi_uldivmod.o)
                0x08000800                __aeabi_uldivmod
 .text          0x08000830      0x2f8 /usr/lib/gcc/arm-none-eabi/14.2.1/thumb/v7e-m+fp/hard/libgcc.a(_udivmoddi4.o)
                0x08000830                __udivmoddi4
 .text          0x08000b28        0x4 /usr/lib/gcc/arm-none-eabi/14.2.1/thumb/v7e-m+fp/hard/libgcc.a(_dvmd_tls.o)
                0x08000b28                __aeabi_ldiv0
                0x08000b28                __aeabi_idiv0
 *(SORT_BY_ALIGNMENT(.text.*))
 *fill*         0x08000b2c        0x4 
 .text.Clock_Ip_Get_FIRC_CLK_Frequency
                0x08000b30       0x10 modules/hal_nxp/libmodules__hal_nxp.a(Clock_Ip_Frequency.c.obj)
 .text.Clock_Ip_Get_FIRCDIV2_CLK_Frequency
                0x08000b40       0x10 modules/hal_nxp/libmodules__hal_nxp.a(Clock_Ip_Frequency.c.obj)
 .text.Clock_Ip_Get_SAFE_CLK_Frequency
                0x08000b50       0x10 modules/hal_nxp/libmodules__hal_nxp.a(Clock_Ip_Frequency.c.obj)
 .text.Clock_Ip_PLL_VCO
                0x08000b60       0x3c modules/hal_nxp/libmodules__hal_nxp.a(Clock_Ip_Frequency.c.obj)
 *fill*         0x08000b9c        0x4 
 .text.Clock_Ip_Get_SIRC_CLK_Frequency
                0x08000ba0       0x10 modules/hal_nxp/libmodules__hal_nxp.a(Clock_Ip_Frequency.c.obj)
 .text.Clock_Ip_Set_Optimized_CgmXCscCssClkSwSwtrigSwipRmpSw
                0x08000bb0      0x374 modules/hal_nxp/libmodules__hal_nxp.a(Clock_Ip_Selector.c.obj)
 *fill*         0x08000f24        0x4 
 .text.Clock_Ip_SetCgmXCscCssClkSwSwtrigSwipRmpSw
                0x08000f28      0x264 modules/hal_nxp/libmodules__hal_nxp.a(Clock_Ip_Selector.c.obj)
 .text.main     0x0800118c       0x50 app/libapp.a(main.c.obj)
                0x0800118c                main
 .text.boot_banner
                0x080011dc       0x10 zephyr/libzephyr.a(boot_banner.c.obj)
 .text.char_out
                0x080011ec        0xc zephyr/libzephyr.a(printk.c.obj)
 .text.vprintk  0x080011f8       0x1c zephyr/libzephyr.a(printk.c.obj)
                0x080011f8                vprintk
 .text.z_cbvprintf_impl
                0x08001214      0xd4c zephyr/libzephyr.a(cbprintf_complete.c.obj)
                0x08001214                z_cbvprintf_impl
 .text.soc_early_reset_hook
                0x08001f60       0x18 zephyr/libzephyr.a(s32k5xx_startup.S.obj)
                0x08001f60                soc_early_reset_hook
 .text.swt_disable
                0x08001f78       0x20 zephyr/libzephyr.a(swt_disable.c.obj)
                0x08001f78                swt_disable
 .text.mc_me_configure_cofb
                0x08001f98       0x50 zephyr/libzephyr.a(mc_me.c.obj)
                0x08001f98                mc_me_configure_cofb
 .text.mem_attr_get_regions
                0x08001fe8        0xc zephyr/libzephyr.a(mem_attr.c.obj)
                0x08001fe8                mem_attr_get_regions
 .text.arch_bss_zero
                0x08001ff4       0x2c zephyr/arch/common/libarch__common.a(init.c.obj)
                0x08001ff4                arch_bss_zero
 .text.arch_data_copy
                0x08002020       0x4c zephyr/arch/common/libarch__common.a(xip.c.obj)
                0x08002020                arch_data_copy
 .text.z_arm_fatal_error
                0x0800206c       0xa4 zephyr/arch/arch/arm/core/libarch__arm__core.a(fatal.c.obj)
                0x0800206c                z_arm_fatal_error
 .text.z_SysNmiOnReset
                0x08002110        0x8 zephyr/arch/arch/arm/core/libarch__arm__core.a(nmi_on_reset.S.obj)
                0x08002110                z_SysNmiOnReset
 .text.usage_fault.isra.0
                0x08002118       0x98 zephyr/arch/arch/arm/core/cortex_m/libarch__arm__core__cortex_m.a(fault.c.obj)
 .text.bus_fault.isra.0
                0x080021b0       0xb8 zephyr/arch/arch/arm/core/cortex_m/libarch__arm__core__cortex_m.a(fault.c.obj)
 .text.mem_manage_fault.isra.0
                0x08002268       0xbc zephyr/arch/arch/arm/core/cortex_m/libarch__arm__core__cortex_m.a(fault.c.obj)
 .text.z_arm_fault
                0x08002324      0x19c zephyr/arch/arch/arm/core/cortex_m/libarch__arm__core__cortex_m.a(fault.c.obj)
                0x08002324                z_arm_fault
 .text.z_arm_fault_init
                0x080024c0       0x18 zephyr/arch/arch/arm/core/cortex_m/libarch__arm__core__cortex_m.a(fault.c.obj)
                0x080024c0                z_arm_fault_init
 .text.__fault  0x080024d8       0x14 zephyr/arch/arch/arm/core/cortex_m/libarch__arm__core__cortex_m.a(fault_s.S.obj)
                0x080024d8                z_arm_bus_fault
                0x080024d8                z_arm_usage_fault
                0x080024d8                z_arm_mpu_fault
                0x080024d8                z_arm_exc_spurious
                0x080024d8                z_arm_debug_monitor
                0x080024d8                z_arm_hard_fault
 .text._reset_section
                0x080024ec       0x38 zephyr/arch/arch/arm/core/cortex_m/libarch__arm__core__cortex_m.a(reset.S.obj)
                0x080024ec                z_arm_reset
                0x080024ec                __start
 .text.z_arm_svc
                0x08002524       0x24 zephyr/arch/arch/arm/core/cortex_m/libarch__arm__core__cortex_m.a(svc.S.obj)
                0x08002524                z_arm_svc
 .text.arm_irq_enable
                0x08002548       0x1c zephyr/arch/arch/arm/core/cortex_m/libarch__arm__core__cortex_m.a(irq_manage.c.obj)
                0x08002548                arm_irq_enable
 .text.arm_irq_priority_set
                0x08002564       0x2c zephyr/arch/arch/arm/core/cortex_m/libarch__arm__core__cortex_m.a(irq_manage.c.obj)
                0x08002564                arm_irq_priority_set
 .text.relocate_vector_table
                0x08002590       0x1c zephyr/arch/arch/arm/core/cortex_m/libarch__arm__core__cortex_m.a(prep_c.c.obj)
                0x08002590                relocate_vector_table
 .text.z_prep_c
                0x080025ac       0x50 zephyr/arch/arch/arm/core/cortex_m/libarch__arm__core__cortex_m.a(prep_c.c.obj)
                0x080025ac                z_prep_c
 .text.arch_new_thread
                0x080025fc       0x3c zephyr/arch/arch/arm/core/cortex_m/libarch__arm__core__cortex_m.a(thread.c.obj)
                0x080025fc                arch_new_thread
 .text.arch_float_disable
                0x08002638       0x48 zephyr/arch/arch/arm/core/cortex_m/libarch__arm__core__cortex_m.a(thread.c.obj)
                0x08002638                arch_float_disable
 .text.arch_switch_to_main_thread
                0x08002680       0x48 zephyr/arch/arch/arm/core/cortex_m/libarch__arm__core__cortex_m.a(thread.c.obj)
                0x08002680                arch_switch_to_main_thread
 .text.z_arm_cpu_idle_init
                0x080026c8        0xc zephyr/arch/arch/arm/core/cortex_m/libarch__arm__core__cortex_m.a(cpu_idle.c.obj)
                0x080026c8                z_arm_cpu_idle_init
 .text._HandlerModeExit
                0x080026d4       0x20 zephyr/arch/arch/arm/core/cortex_m/libarch__arm__core__cortex_m.a(exc_exit.c.obj)
                0x080026d4                z_arm_exc_exit
                0x080026d4                z_arm_int_exit
 .text.z_impl_k_thread_abort
                0x080026f4       0x2c zephyr/arch/arch/arm/core/cortex_m/libarch__arm__core__cortex_m.a(thread_abort.c.obj)
                0x080026f4                z_impl_k_thread_abort
 .text.z_arm_pendsv
                0x08002720       0x84 zephyr/arch/arch/arm/core/cortex_m/libarch__arm__core__cortex_m.a(swap_helper.S.obj)
                0x08002720                z_arm_pendsv
 .text.z_arm_interrupt_init
                0x080027a4       0x18 zephyr/arch/arch/arm/core/cortex_m/libarch__arm__core__cortex_m.a(irq_init.c.obj)
                0x080027a4                z_arm_interrupt_init
 .text._isr_wrapper
                0x080027bc       0x24 zephyr/arch/arch/arm/core/cortex_m/libarch__arm__core__cortex_m.a(isr_wrapper.c.obj)
                0x080027bc                _isr_wrapper
 .text.arch_dcache_enable
                0x080027e0       0x5c zephyr/arch/arch/arm/core/cortex_m/libarch__arm__core__cortex_m.a(cache.c.obj)
                0x080027e0                arch_dcache_enable
 .text.arch_icache_enable
                0x0800283c       0x34 zephyr/arch/arch/arm/core/cortex_m/libarch__arm__core__cortex_m.a(cache.c.obj)
                0x0800283c                arch_icache_enable
 .text.z_arm_configure_static_mpu_regions
                0x08002870       0x18 zephyr/arch/arch/arm/core/mpu/libarch__arm__core__mpu.a(arm_core_mpu.c.obj)
                0x08002870                z_arm_configure_static_mpu_regions
 .text.region_init
                0x08002888       0x28 zephyr/arch/arch/arm/core/mpu/libarch__arm__core__mpu.a(arm_mpu.c.obj)
 .text.mpu_configure_regions
                0x080028b0       0x6c zephyr/arch/arch/arm/core/mpu/libarch__arm__core__mpu.a(arm_mpu.c.obj)
 .text.arm_core_mpu_enable
                0x0800291c       0x18 zephyr/arch/arch/arm/core/mpu/libarch__arm__core__mpu.a(arm_mpu.c.obj)
                0x0800291c                arm_core_mpu_enable
 .text.arm_core_mpu_disable
                0x08002934       0x14 zephyr/arch/arch/arm/core/mpu/libarch__arm__core__mpu.a(arm_mpu.c.obj)
                0x08002934                arm_core_mpu_disable
 .text.arm_core_mpu_configure_static_mpu_regions
                0x08002948       0x14 zephyr/arch/arch/arm/core/mpu/libarch__arm__core__mpu.a(arm_mpu.c.obj)
                0x08002948                arm_core_mpu_configure_static_mpu_regions
 .text.z_arm_mpu_init
                0x0800295c      0x1c8 zephyr/arch/arch/arm/core/mpu/libarch__arm__core__mpu.a(arm_mpu.c.obj)
                0x0800295c                z_arm_mpu_init
 .text.nxp_s32_clock_init
                0x08002b24       0x18 zephyr/drivers/clock_control/libdrivers__clock_control.a(clock_control_nxp_s32.c.obj)
 .text.pinctrl_configure_pins
                0x08002b3c       0x48 zephyr/drivers/pinctrl/libdrivers__pinctrl.a(pinctrl_nxp_siul2.c.obj)
                0x08002b3c                pinctrl_configure_pins
 .text.elapsed  0x08002b84       0x44 zephyr/drivers/timer/libdrivers__timer.a(cortex_m_systick.c.obj)
 .text.sys_clock_driver_init
                0x08002bc8       0x34 zephyr/drivers/timer/libdrivers__timer.a(cortex_m_systick.c.obj)
 .text.sys_clock_isr
                0x08002bfc       0x68 zephyr/drivers/timer/libdrivers__timer.a(cortex_m_systick.c.obj)
                0x08002bfc                sys_clock_isr
 .text.sys_clock_set_timeout
                0x08002c64       0xd8 zephyr/drivers/timer/libdrivers__timer.a(cortex_m_systick.c.obj)
                0x08002c64                sys_clock_set_timeout
 .text.sys_clock_elapsed
                0x08002d3c       0x2c zephyr/drivers/timer/libdrivers__timer.a(cortex_m_systick.c.obj)
                0x08002d3c                sys_clock_elapsed
 .text.ClockLLD_Xoscs
                0x08002d68       0x2c modules/hal_nxp/libmodules__hal_nxp.a(Clock_Ip.c.obj)
 .text.ClockLLD_Dividers
                0x08002d94       0x2c modules/hal_nxp/libmodules__hal_nxp.a(Clock_Ip.c.obj)
 .text.ClockLLD_FracDividers
                0x08002dc0       0x2c modules/hal_nxp/libmodules__hal_nxp.a(Clock_Ip.c.obj)
 .text.ClockLLD_Plls
                0x08002dec       0x2c modules/hal_nxp/libmodules__hal_nxp.a(Clock_Ip.c.obj)
 .text.ClockLLD_Selectors
                0x08002e18       0x2c modules/hal_nxp/libmodules__hal_nxp.a(Clock_Ip.c.obj)
 .text.ClockLLD_Gates
                0x08002e44       0x2c modules/hal_nxp/libmodules__hal_nxp.a(Clock_Ip.c.obj)
 .text.ClockLLD_Monitors
                0x08002e70       0x2c modules/hal_nxp/libmodules__hal_nxp.a(Clock_Ip.c.obj)
 .text.Clock_Ip_enable_all_gates
                0x08002e9c      0x548 modules/hal_nxp/libmodules__hal_nxp.a(Clock_Ip.c.obj)
 .text.Clock_Ip_RegisterAccess_CheckRegisterValue
                0x080033e4       0x50 modules/hal_nxp/libmodules__hal_nxp.a(Clock_Ip.c.obj)
 .text.Clock_Ip_RegisterAccess_ReadModifyWrite
                0x08003434       0x50 modules/hal_nxp/libmodules__hal_nxp.a(Clock_Ip.c.obj)
 .text.Clock_Ip_RegisterAccess_Write
                0x08003484       0x40 modules/hal_nxp/libmodules__hal_nxp.a(Clock_Ip.c.obj)
 .text.Clock_Ip_RegisterAccess_SetBit
                0x080034c4       0x44 modules/hal_nxp/libmodules__hal_nxp.a(Clock_Ip.c.obj)
 .text.Clock_Ip_RegisterAccess_ClearBit
                0x08003508       0x44 modules/hal_nxp/libmodules__hal_nxp.a(Clock_Ip.c.obj)
 .text.Clock_Ip_Registers_RunOnHardware
                0x0800354c       0xd8 modules/hal_nxp/libmodules__hal_nxp.a(Clock_Ip.c.obj)
 .text.Clock_Ip_DistributeClock
                0x08003624      0x1bc modules/hal_nxp/libmodules__hal_nxp.a(Clock_Ip.c.obj)
 .text.Clock_Ip_InitClock
                0x080037e0      0x338 modules/hal_nxp/libmodules__hal_nxp.a(Clock_Ip.c.obj)
                0x080037e0                Clock_Ip_InitClock
 .text.Clock_Ip_GetPllStatus
                0x08003b18       0x8c modules/hal_nxp/libmodules__hal_nxp.a(Clock_Ip.c.obj)
                0x08003b18                Clock_Ip_GetPllStatus
 .text.Clock_Ip_DistributePll
                0x08003ba4       0x20 modules/hal_nxp/libmodules__hal_nxp.a(Clock_Ip.c.obj)
                0x08003ba4                Clock_Ip_DistributePll
 .text.Clock_Ip_Init
                0x08003bc4       0x24 modules/hal_nxp/libmodules__hal_nxp.a(Clock_Ip.c.obj)
                0x08003bc4                Clock_Ip_Init
 .text.Clock_Ip_ReportClockErrors
                0x08003be8        0xc modules/hal_nxp/libmodules__hal_nxp.a(Clock_Ip.c.obj)
                0x08003be8                Clock_Ip_ReportClockErrors
 .text.Clock_Ip_RegisterAccess_CheckNotRegisterValue_WithEvent
                0x08003bf4       0x60 modules/hal_nxp/libmodules__hal_nxp.a(Clock_Ip.c.obj)
 .text.Clock_Ip_RegisterAccess_CheckRegisterValue_WithEvent
                0x08003c54       0x60 modules/hal_nxp/libmodules__hal_nxp.a(Clock_Ip.c.obj)
 .text.Clock_Ip_RegisterAccess_CheckRegisterValue_WithTimeout
                0x08003cb4       0x90 modules/hal_nxp/libmodules__hal_nxp.a(Clock_Ip.c.obj)
 .text.Clock_Ip_SetNamePlldivOutputDividerPostdiv
                0x08003d44        0xc modules/hal_nxp/libmodules__hal_nxp.a(Clock_Ip_Divider.c.obj)
 .text.Clock_Ip_SetPlldivOutputDividerDeOutputDiv
                0x08003d50       0x40 modules/hal_nxp/libmodules__hal_nxp.a(Clock_Ip_Divider.c.obj)
 .text.Clock_Ip_SetCgmXSlcYDcDeDivUpdStat
                0x08003d90       0x80 modules/hal_nxp/libmodules__hal_nxp.a(Clock_Ip_Divider.c.obj)
 .text.Clock_Ip_SetNamePlldivOutputDividerDeOutputDiv
                0x08003e10        0xc modules/hal_nxp/libmodules__hal_nxp.a(Clock_Ip_Divider.c.obj)
 .text.Clock_Ip_SetNameCgmXSlcYDcDeDivUpdStat
                0x08003e1c        0xc modules/hal_nxp/libmodules__hal_nxp.a(Clock_Ip_Divider.c.obj)
 .text.Clock_Ip_ExternalOscillatorEmptyName
                0x08003e28        0xc modules/hal_nxp/libmodules__hal_nxp.a(Clock_Ip_ExtOsc.c.obj)
 .text.Clock_Ip_SetOptionalParameterFxoscCtrlOsconAlcdGmSelEocvCompEnOscBypOscStat
                0x08003e34       0x30 modules/hal_nxp/libmodules__hal_nxp.a(Clock_Ip_ExtOsc.c.obj)
 .text.Clock_Ip_EnableFxoscCtrlOsconAlcdGmSelEocvCompEnOscBypOscStat
                0x08003e64       0x2c modules/hal_nxp/libmodules__hal_nxp.a(Clock_Ip_ExtOsc.c.obj)
 .text.Clock_Ip_GetStatusFxoscCtrlOsconAlcdGmSelEocvCompEnOscBypOscStat
                0x08003e90       0x38 modules/hal_nxp/libmodules__hal_nxp.a(Clock_Ip_ExtOsc.c.obj)
 .text.Clock_Ip_ResetSxoscCtrlOsconGmSelEocvCurrPrgStat
                0x08003ec8       0x18 modules/hal_nxp/libmodules__hal_nxp.a(Clock_Ip_ExtOsc.c.obj)
 .text.Clock_Ip_GetStatusSxoscCtrlOsconGmSelEocvCurrPrgStat
                0x08003ee0       0x20 modules/hal_nxp/libmodules__hal_nxp.a(Clock_Ip_ExtOsc.c.obj)
 .text.Clock_Ip_WaitSxoscCtrlOsconGmSelEocvCurrPrgStat
                0x08003f00       0x4c modules/hal_nxp/libmodules__hal_nxp.a(Clock_Ip_ExtOsc.c.obj)
 .text.Clock_Ip_WaitFxoscCtrlOsconAlcdGmSelEocvCompEnOscBypOscStat
                0x08003f4c       0x74 modules/hal_nxp/libmodules__hal_nxp.a(Clock_Ip_ExtOsc.c.obj)
 .text.Clock_Ip_ResetFxoscCtrlOsconAlcdGmSelEocvCompEnOscBypOscStat
                0x08003fc0       0x60 modules/hal_nxp/libmodules__hal_nxp.a(Clock_Ip_ExtOsc.c.obj)
 .text.Clock_Ip_SetSxoscCtrlOsconGmSelEocvCurrPrgStat
                0x08004020       0x3c modules/hal_nxp/libmodules__hal_nxp.a(Clock_Ip_ExtOsc.c.obj)
 .text.Clock_Ip_SetFxoscCtrlOsconAlcdGmSelEocvCompEnOscBypOscStat
                0x0800405c       0x58 modules/hal_nxp/libmodules__hal_nxp.a(Clock_Ip_ExtOsc.c.obj)
 .text.Clock_Ip_SetOptionalParameterSxoscCtrlOsconGmSelEocvCurrPrgStat
                0x080040b4       0x18 modules/hal_nxp/libmodules__hal_nxp.a(Clock_Ip_ExtOsc.c.obj)
 .text.Clock_Ip_SetNameFxoscCtrlOsconAlcdGmSelEocvCompEnOscBypOscStat
                0x080040cc        0xc modules/hal_nxp/libmodules__hal_nxp.a(Clock_Ip_ExtOsc.c.obj)
 .text.Clock_Ip_SetNameSxoscCtrlOsconGmSelEocvCurrPrgStat
                0x080040d8        0xc modules/hal_nxp/libmodules__hal_nxp.a(Clock_Ip_ExtOsc.c.obj)
 .text.Clock_Ip_SetNameDfsBypassClkoutEnableMfiMfn
                0x080040e4        0xc modules/hal_nxp/libmodules__hal_nxp.a(Clock_Ip_FracDiv.c.obj)
 .text.Clock_Ip_SetDfsBypassClkoutEnableMfiMfn
                0x080040f0       0x84 modules/hal_nxp/libmodules__hal_nxp.a(Clock_Ip_FracDiv.c.obj)
 .text.Clock_Ip_EnableDfsBypassClkoutEnableMfiMfn
                0x08004174       0x4c modules/hal_nxp/libmodules__hal_nxp.a(Clock_Ip_FracDiv.c.obj)
 .text.Clock_Ip_WaitDfsBypassClkoutEnableMfiMfn
                0x080041c0       0xc0 modules/hal_nxp/libmodules__hal_nxp.a(Clock_Ip_FracDiv.c.obj)
 .text.Clock_Ip_ResetDfsBypassClkoutEnableMfiMfn
                0x08004280       0x5c modules/hal_nxp/libmodules__hal_nxp.a(Clock_Ip_FracDiv.c.obj)
 .text.Clock_Ip_Get_FXOSC_CLK_Frequency
                0x080042dc        0xc modules/hal_nxp/libmodules__hal_nxp.a(Clock_Ip_Frequency.c.obj)
 .text.Clock_Ip_Get_LPE_CLK_Frequency
                0x080042e8       0x1c modules/hal_nxp/libmodules__hal_nxp.a(Clock_Ip_Frequency.c.obj)
 .text.Clock_Ip_Get_LPE_DIV1_CLK_Frequency
                0x08004304       0x38 modules/hal_nxp/libmodules__hal_nxp.a(Clock_Ip_Frequency.c.obj)
 .text.Clock_Ip_Get_PLT_CLK_Frequency
                0x0800433c       0x1c modules/hal_nxp/libmodules__hal_nxp.a(Clock_Ip_Frequency.c.obj)
 .text.Clock_Ip_Get_PLTCORE_CLK_Frequency
                0x08004358       0x38 modules/hal_nxp/libmodules__hal_nxp.a(Clock_Ip_Frequency.c.obj)
 .text.Clock_Ip_Get_PLTDIV1_CLK_Frequency
                0x08004390       0x38 modules/hal_nxp/libmodules__hal_nxp.a(Clock_Ip_Frequency.c.obj)
 .text.Clock_Ip_Get_PLTDIV2_CLK_Frequency
                0x080043c8       0x38 modules/hal_nxp/libmodules__hal_nxp.a(Clock_Ip_Frequency.c.obj)
 .text.Clock_Ip_Get_PLTDIV4_CLK_Frequency
                0x08004400       0x38 modules/hal_nxp/libmodules__hal_nxp.a(Clock_Ip_Frequency.c.obj)
 .text.Clock_Ip_Get_CAN_PE_CLK_Frequency
                0x08004438       0x48 modules/hal_nxp/libmodules__hal_nxp.a(Clock_Ip_Frequency.c.obj)
 .text.Clock_Ip_Get_DFT_CLK_Frequency
                0x08004480       0x48 modules/hal_nxp/libmodules__hal_nxp.a(Clock_Ip_Frequency.c.obj)
 .text.Clock_Ip_Get_DSPI_CLK_Frequency
                0x080044c8       0x48 modules/hal_nxp/libmodules__hal_nxp.a(Clock_Ip_Frequency.c.obj)
 .text.Clock_Ip_Get_ETH_TS_CLK_Frequency
                0x08004510       0x48 modules/hal_nxp/libmodules__hal_nxp.a(Clock_Ip_Frequency.c.obj)
 .text.Clock_Ip_Get_ETH0_RX_CLK_Frequency
                0x08004558       0x48 modules/hal_nxp/libmodules__hal_nxp.a(Clock_Ip_Frequency.c.obj)
 .text.Clock_Ip_Get_ETH0_TX_CLK_Frequency
                0x080045a0       0x48 modules/hal_nxp/libmodules__hal_nxp.a(Clock_Ip_Frequency.c.obj)
 .text.Clock_Ip_Get_ETH1_RX_CLK_Frequency
                0x080045e8       0x48 modules/hal_nxp/libmodules__hal_nxp.a(Clock_Ip_Frequency.c.obj)
 .text.Clock_Ip_Get_ETH1_TX_CLK_Frequency
                0x08004630       0x48 modules/hal_nxp/libmodules__hal_nxp.a(Clock_Ip_Frequency.c.obj)
 .text.Clock_Ip_Get_ETH2_RX_CLK_Frequency
                0x08004678       0x48 modules/hal_nxp/libmodules__hal_nxp.a(Clock_Ip_Frequency.c.obj)
 .text.Clock_Ip_Get_ETH2_TX_CLK_Frequency
                0x080046c0       0x48 modules/hal_nxp/libmodules__hal_nxp.a(Clock_Ip_Frequency.c.obj)
 .text.Clock_Ip_Get_ETH3_RX_CLK_Frequency
                0x08004708       0x48 modules/hal_nxp/libmodules__hal_nxp.a(Clock_Ip_Frequency.c.obj)
 .text.Clock_Ip_Get_ETH3_TX_CLK_Frequency
                0x08004750       0x48 modules/hal_nxp/libmodules__hal_nxp.a(Clock_Ip_Frequency.c.obj)
 .text.Clock_Ip_Get_ETH4_RX_CLK_Frequency
                0x08004798       0x48 modules/hal_nxp/libmodules__hal_nxp.a(Clock_Ip_Frequency.c.obj)
 .text.Clock_Ip_Get_ETH4_TX_CLK_Frequency
                0x080047e0       0x48 modules/hal_nxp/libmodules__hal_nxp.a(Clock_Ip_Frequency.c.obj)
 .text.Clock_Ip_Get_FLEXCAN_0to7_PE_CLK_Frequency
                0x08004828       0x48 modules/hal_nxp/libmodules__hal_nxp.a(Clock_Ip_Frequency.c.obj)
 .text.Clock_Ip_Get_FLEXCAN_8to10_PE_CLK_Frequency
                0x08004870       0x48 modules/hal_nxp/libmodules__hal_nxp.a(Clock_Ip_Frequency.c.obj)
 .text.Clock_Ip_Get_FLEXCAN_11to16_PE_CLK_Frequency
                0x080048b8       0x48 modules/hal_nxp/libmodules__hal_nxp.a(Clock_Ip_Frequency.c.obj)
 .text.Clock_Ip_Get_FLEXIO_CLK_Frequency
                0x08004900       0x48 modules/hal_nxp/libmodules__hal_nxp.a(Clock_Ip_Frequency.c.obj)
 .text.Clock_Ip_Get_LPE_CXPI_PE_CLK_Frequency
                0x08004948       0x48 modules/hal_nxp/libmodules__hal_nxp.a(Clock_Ip_Frequency.c.obj)
 .text.Clock_Ip_Get_LPE_FLEXCAN_PE_CLK_Frequency
                0x08004990       0x48 modules/hal_nxp/libmodules__hal_nxp.a(Clock_Ip_Frequency.c.obj)
 .text.Clock_Ip_Get_LPE_LPI2C_MOD_CLK_Frequency
                0x080049d8       0x48 modules/hal_nxp/libmodules__hal_nxp.a(Clock_Ip_Frequency.c.obj)
 .text.Clock_Ip_Get_LPE_LPSPI_MOD_CLK_Frequency
                0x08004a20       0x48 modules/hal_nxp/libmodules__hal_nxp.a(Clock_Ip_Frequency.c.obj)
 .text.Clock_Ip_Get_LPE_LPUART_MOD_CLK_Frequency
                0x08004a68       0x48 modules/hal_nxp/libmodules__hal_nxp.a(Clock_Ip_Frequency.c.obj)
 .text.Clock_Ip_Get_LPE_STM_CLK_Frequency
                0x08004ab0       0x48 modules/hal_nxp/libmodules__hal_nxp.a(Clock_Ip_Frequency.c.obj)
 .text.Clock_Ip_Get_LPE_UNGATED_CLK_Frequency
                0x08004af8       0x1c modules/hal_nxp/libmodules__hal_nxp.a(Clock_Ip_Frequency.c.obj)
 .text.Clock_Ip_Get_LPE_DIV1_UNGATED_CLK_Frequency
                0x08004b14       0x38 modules/hal_nxp/libmodules__hal_nxp.a(Clock_Ip_Frequency.c.obj)
 .text.Clock_Ip_Get_PERI_HIGH_SPEED_REST_USDHC_CLK_Frequency
                0x08004b4c       0x48 modules/hal_nxp/libmodules__hal_nxp.a(Clock_Ip_Frequency.c.obj)
 .text.Clock_Ip_Get_PERI_HIGH_SPEED_REST_XSPI_CLK_Frequency
                0x08004b94       0x48 modules/hal_nxp/libmodules__hal_nxp.a(Clock_Ip_Frequency.c.obj)
 .text.Clock_Ip_Get_PERI_HIGH_SPEED_TRACE_CLK_Frequency
                0x08004bdc       0x48 modules/hal_nxp/libmodules__hal_nxp.a(Clock_Ip_Frequency.c.obj)
 .text.Clock_Ip_Get_PHY_ETH_CLK_Frequency
                0x08004c24       0x48 modules/hal_nxp/libmodules__hal_nxp.a(Clock_Ip_Frequency.c.obj)
 .text.Clock_Ip_Get_SAI0_MCLK_Frequency
                0x08004c6c       0x48 modules/hal_nxp/libmodules__hal_nxp.a(Clock_Ip_Frequency.c.obj)
 .text.Clock_Ip_Get_SAI1_MCLK_Frequency
                0x08004cb4       0x48 modules/hal_nxp/libmodules__hal_nxp.a(Clock_Ip_Frequency.c.obj)
 .text.Clock_Ip_Get_SERDES_AUX_CLK_Frequency
                0x08004cfc       0x48 modules/hal_nxp/libmodules__hal_nxp.a(Clock_Ip_Frequency.c.obj)
 .text.Clock_Ip_Get_SERDES_REF_CLK_Frequency
                0x08004d44       0x48 modules/hal_nxp/libmodules__hal_nxp.a(Clock_Ip_Frequency.c.obj)
 .text.Clock_Ip_Get_STM0_CLK_Frequency
                0x08004d8c       0x48 modules/hal_nxp/libmodules__hal_nxp.a(Clock_Ip_Frequency.c.obj)
 .text.Clock_Ip_Get_STM1_CLK_Frequency
                0x08004dd4       0x48 modules/hal_nxp/libmodules__hal_nxp.a(Clock_Ip_Frequency.c.obj)
 .text.Clock_Ip_Get_STM2_CLK_Frequency
                0x08004e1c       0x48 modules/hal_nxp/libmodules__hal_nxp.a(Clock_Ip_Frequency.c.obj)
 .text.Clock_Ip_Get_STM3_CLK_Frequency
                0x08004e64       0x48 modules/hal_nxp/libmodules__hal_nxp.a(Clock_Ip_Frequency.c.obj)
 .text.Clock_Ip_Get_TRACE_CLK_Frequency
                0x08004eac       0x48 modules/hal_nxp/libmodules__hal_nxp.a(Clock_Ip_Frequency.c.obj)
 .text.Clock_Ip_Get_CPE_PLL_CLK_Frequency
                0x08004ef4       0x5c modules/hal_nxp/libmodules__hal_nxp.a(Clock_Ip_Frequency.c.obj)
 .text.Clock_Ip_Get_CPE_DIV0_CLK_Frequency
                0x08004f50       0x38 modules/hal_nxp/libmodules__hal_nxp.a(Clock_Ip_Frequency.c.obj)
 .text.Clock_Ip_Get_PLL1_CLK_Frequency
                0x08004f88       0x5c modules/hal_nxp/libmodules__hal_nxp.a(Clock_Ip_Frequency.c.obj)
 .text.Clock_Ip_Get_PLL1_DIV0_CLK_Frequency
                0x08004fe4       0x38 modules/hal_nxp/libmodules__hal_nxp.a(Clock_Ip_Frequency.c.obj)
 .text.Clock_Ip_Get_PLL0_CLK_Frequency
                0x0800501c       0x5c modules/hal_nxp/libmodules__hal_nxp.a(Clock_Ip_Frequency.c.obj)
 .text.Clock_Ip_Get_PLL0_DIV0_CLK_Frequency
                0x08005078       0x38 modules/hal_nxp/libmodules__hal_nxp.a(Clock_Ip_Frequency.c.obj)
 .text.Clock_Ip_Get_PLL0_DFS0_CLK_Frequency
                0x080050b0       0x78 modules/hal_nxp/libmodules__hal_nxp.a(Clock_Ip_Frequency.c.obj)
 .text.Clock_Ip_Get_PLL0_DFS3_CLK_Frequency
                0x08005128       0x78 modules/hal_nxp/libmodules__hal_nxp.a(Clock_Ip_Frequency.c.obj)
 .text.Clock_Ip_Get_PLL0_DFS2_CLK_Frequency
                0x080051a0       0x78 modules/hal_nxp/libmodules__hal_nxp.a(Clock_Ip_Frequency.c.obj)
 .text.Clock_Ip_Get_PLL0_DFS1_CLK_Frequency
                0x08005218       0x78 modules/hal_nxp/libmodules__hal_nxp.a(Clock_Ip_Frequency.c.obj)
 .text.Clock_Ip_Get_RR_RTC_CLK_Frequency_TrustedCall
                0x08005290       0x18 modules/hal_nxp/libmodules__hal_nxp.a(Clock_Ip_Frequency.c.obj)
                0x08005290                Clock_Ip_Get_RR_RTC_CLK_Frequency_TrustedCall
 .text.Clock_Ip_GetFreq
                0x080052a8        0xc modules/hal_nxp/libmodules__hal_nxp.a(Clock_Ip_Frequency.c.obj)
                0x080052a8                Clock_Ip_GetFreq
 .text.Clock_Ip_SetExternalSignalFrequency
                0x080052b4       0x24 modules/hal_nxp/libmodules__hal_nxp.a(Clock_Ip_Frequency.c.obj)
                0x080052b4                Clock_Ip_SetExternalSignalFrequency
 .text.Clock_Ip_SetNamePllPowerupRdivMfiMfnEnableSpreadctlStepStopRefClkSel
                0x080052d8        0xc modules/hal_nxp/libmodules__hal_nxp.a(Clock_Ip_Pll.c.obj)
 .text.Clock_Ip_ResetPllPowerupRdivMfiMfnEnableSpreadctlStepStopRefClkSel
                0x080052e4       0x30 modules/hal_nxp/libmodules__hal_nxp.a(Clock_Ip_Pll.c.obj)
 .text.Clock_Ip_SetOptionalParameterPllPowerupRdivMfiMfnEnableSpreadctlStepStopRefClkSel
                0x08005314       0x78 modules/hal_nxp/libmodules__hal_nxp.a(Clock_Ip_Pll.c.obj)
 .text.Clock_Ip_SetPllPowerupRdivMfiMfnEnableSpreadctlStepStopRefClkSel
                0x0800538c       0x84 modules/hal_nxp/libmodules__hal_nxp.a(Clock_Ip_Pll.c.obj)
 .text.Clock_Ip_EnablePllPowerupRdivMfiMfnEnableSpreadctlStepStopRefClkSel
                0x08005410       0x3c modules/hal_nxp/libmodules__hal_nxp.a(Clock_Ip_Pll.c.obj)
 .text.Clock_Ip_GetStatusPllPowerupRdivMfiMfnEnableSpreadctlStepStopRefClkSel
                0x0800544c       0x40 modules/hal_nxp/libmodules__hal_nxp.a(Clock_Ip_Pll.c.obj)
 .text.Clock_Ip_WaitPllPowerupRdivMfiMfnEnableSpreadctlStepStopRefClkSel
                0x0800548c       0x64 modules/hal_nxp/libmodules__hal_nxp.a(Clock_Ip_Pll.c.obj)
 .text.Clock_Ip_GetDividerChildrenPllPowerupRdivMfiMfnEnableSpreadctlStepStopRefClkSel
                0x080054f0       0x38 modules/hal_nxp/libmodules__hal_nxp.a(Clock_Ip_Pll.c.obj)
 .text.RegisterAccess
                0x08005528       0xac modules/hal_nxp/libmodules__hal_nxp.a(Clock_Ip_RegisterProtocol.c.obj)
                0x08005528                RegisterAccess
 .text.Clock_Ip_GetCountOfConfiguredRegisters
                0x080055d4        0xc modules/hal_nxp/libmodules__hal_nxp.a(Clock_Ip_RegisterProtocol.c.obj)
                0x080055d4                Clock_Ip_GetCountOfConfiguredRegisters
 .text.Clock_Ip_SetNameCgmXCscCssClkSwSwtrigSwip
                0x080055e0        0xc modules/hal_nxp/libmodules__hal_nxp.a(Clock_Ip_Selector.c.obj)
 .text.Clock_Ip_ResetCgmXCscCssClkSwSwtrigSwip
                0x080055ec       0x34 modules/hal_nxp/libmodules__hal_nxp.a(Clock_Ip_Selector.c.obj)
 .text.Clock_Ip_GetSelectorEntriesCgmXCscCssClkSwSwtrigSwip
                0x08005620      0x13c modules/hal_nxp/libmodules__hal_nxp.a(Clock_Ip_Selector.c.obj)
 .text.Clock_Ip_GetDividerChildrenCgmXCscCssClkSwSwtrigSwip
                0x0800575c       0xa0 modules/hal_nxp/libmodules__hal_nxp.a(Clock_Ip_Selector.c.obj)
 .text.Clock_Ip_Wait_Optimized_CgmXCscCssClkSwSwtrigSwipRmpSw
                0x080057fc       0xb4 modules/hal_nxp/libmodules__hal_nxp.a(Clock_Ip_Selector.c.obj)
 .text.Clock_Ip_Wait_Optimized_CgmXCscCssClkSwSwtrigSwip
                0x080058b0       0xb4 modules/hal_nxp/libmodules__hal_nxp.a(Clock_Ip_Selector.c.obj)
 .text.Clock_Ip_Set_Optimized_CgmXCscCssClkSwSwtrigSwip
                0x08005964       0xdc modules/hal_nxp/libmodules__hal_nxp.a(Clock_Ip_Selector.c.obj)
 .text.Clock_Ip_WaitCgmXCscCssClkSwSwtrigSwip
                0x08005a40       0x6c modules/hal_nxp/libmodules__hal_nxp.a(Clock_Ip_Selector.c.obj)
 .text.Clock_Ip_SetCgmXCscCssClkSwSwtrigSwip
                0x08005aac       0x8c modules/hal_nxp/libmodules__hal_nxp.a(Clock_Ip_Selector.c.obj)
 .text.Clock_Ip_SetNameCgmXCscCssClkSwSwtrigSwipRmpSw
                0x08005b38        0xc modules/hal_nxp/libmodules__hal_nxp.a(Clock_Ip_Selector.c.obj)
 .text.Clock_Ip_SetRtcRtccClksel_TrustedCall
                0x08005b44       0x2c modules/hal_nxp/libmodules__hal_nxp.a(Clock_Ip_Selector.c.obj)
                0x08005b44                Clock_Ip_SetRtcRtccClksel_TrustedCall
 .text.z_fatal_error
                0x08005b70       0x30 zephyr/kernel/libkernel.a(fatal.c.obj)
                0x08005b70                z_fatal_error
 .text.z_sys_init_run_level
                0x08005ba0       0x30 zephyr/kernel/libkernel.a(init.c.obj)
 .text.bg_thread_main
                0x08005bd0       0xb8 zephyr/kernel/libkernel.a(init.c.obj)
 .text.z_init_cpu
                0x08005c88       0x68 zephyr/kernel/libkernel.a(init.c.obj)
                0x08005c88                z_init_cpu
 .text.z_cstart
                0x08005cf0       0xc0 zephyr/kernel/libkernel.a(init.c.obj)
                0x08005cf0                z_cstart
 .text.z_setup_new_thread
                0x08005db0       0x6c zephyr/kernel/libkernel.a(thread.c.obj)
                0x08005db0                z_setup_new_thread
 .text.z_dummy_thread_init
                0x08005e1c       0x18 zephyr/kernel/libkernel.a(thread.c.obj)
                0x08005e1c                z_dummy_thread_init
 .text.z_impl_k_wakeup
                0x08005e34       0x48 zephyr/kernel/libkernel.a(thread.c.obj)
                0x08005e34                z_impl_k_wakeup
 .text.z_swap_irqlock
                0x08005e7c       0x30 zephyr/kernel/libkernel.a(sched.c.obj)
 .text.unready_thread
                0x08005eac       0x54 zephyr/kernel/libkernel.a(sched.c.obj)
 .text.ready_thread
                0x08005f00       0x80 zephyr/kernel/libkernel.a(sched.c.obj)
 .text.reschedule.isra.0
                0x08005f80       0x28 zephyr/kernel/libkernel.a(sched.c.obj)
 .text.move_current_to_end_of_prio_q
                0x08005fa8       0x6c zephyr/kernel/libkernel.a(sched.c.obj)
                0x08005fa8                move_current_to_end_of_prio_q
 .text.z_thread_halt
                0x08006014      0x12c zephyr/kernel/libkernel.a(sched.c.obj)
                0x08006014                z_thread_halt
 .text.z_sched_lock_reschedule
                0x08006140       0x44 zephyr/kernel/libkernel.a(sched.c.obj)
                0x08006140                z_sched_lock_reschedule
 .text.z_sched_yield
                0x08006184       0x84 zephyr/kernel/libkernel.a(sched.c.obj)
                0x08006184                z_sched_yield
 .text.z_tick_sleep
                0x08006208       0x90 zephyr/kernel/libkernel.a(sleep.c.obj)
 .text.z_sched_init
                0x08006298       0x10 zephyr/kernel/libkernel.a(scheduler.c.obj)
                0x08006298                z_sched_init
 .text.k_sched_lock
                0x080062a8       0x28 zephyr/kernel/libkernel.a(scheduler.c.obj)
                0x080062a8                k_sched_lock
 .text.k_sched_unlock
                0x080062d0       0x20 zephyr/kernel/libkernel.a(scheduler.c.obj)
                0x080062d0                k_sched_unlock
 .text.z_impl_k_sched_current_thread_query
                0x080062f0        0xc zephyr/kernel/libkernel.a(scheduler.c.obj)
                0x080062f0                z_impl_k_sched_current_thread_query
 .text.z_time_slice_size
                0x080062fc       0x40 zephyr/kernel/libkernel.a(timeslicing.c.obj)
 .text.slice_timeout
                0x0800633c       0x20 zephyr/kernel/libkernel.a(timeslicing.c.obj)
 .text.z_time_slice_reset
                0x0800635c       0x44 zephyr/kernel/libkernel.a(timeslicing.c.obj)
                0x0800635c                z_time_slice_reset
 .text.z_time_slice
                0x080063a0       0x5c zephyr/kernel/libkernel.a(timeslicing.c.obj)
                0x080063a0                z_time_slice
 .text.first    0x080063fc       0x10 zephyr/kernel/libkernel.a(timeout.c.obj)
 .text.elapsed  0x0800640c       0x10 zephyr/kernel/libkernel.a(timeout.c.obj)
 .text.z_add_timeout
                0x0800641c      0x130 zephyr/kernel/libkernel.a(timeout.c.obj)
                0x0800641c                z_add_timeout
 .text.z_abort_timeout
                0x0800654c       0x90 zephyr/kernel/libkernel.a(timeout.c.obj)
                0x0800654c                z_abort_timeout
 .text.sys_clock_announce_locked
                0x080065dc       0xcc zephyr/kernel/libkernel.a(timeout.c.obj)
                0x080065dc                sys_clock_announce_locked
 .text.sys_clock_tick_get
                0x080066a8       0x30 zephyr/kernel/libkernel.a(timeout.c.obj)
                0x080066a8                sys_clock_tick_get
 .text._OffsetAbsSyms
                0x080066d8        0x2 zephyr/CMakeFiles/offsets.dir/./arch/arm/core/offsets/offsets.c.obj
                0x080066d8                _OffsetAbsSyms
 .text.arch_printk_char_out
                0x080066da        0x4 zephyr/libzephyr.a(printk.c.obj)
                0x080066da                arch_printk_char_out
 .text.printk   0x080066de       0x1a zephyr/libzephyr.a(printk.c.obj)
                0x080066de                printk
 .text._ldiv5   0x080066f8       0x30 zephyr/libzephyr.a(cbprintf_complete.c.obj)
 .text.encode_uint
                0x08006728       0x90 zephyr/libzephyr.a(cbprintf_complete.c.obj)
 .text.outs     0x080067b8       0x2e zephyr/libzephyr.a(cbprintf_complete.c.obj)
 .text._ConfigAbsSyms
                0x080067e6        0x2 zephyr/libzephyr.a(configs.c.obj)
                0x080067e6                _ConfigAbsSyms
 .text.soc_early_init_hook
                0x080067e8       0x18 zephyr/libzephyr.a(soc.c.obj)
                0x080067e8                soc_early_init_hook
 .text.z_thread_entry
                0x08006800       0x14 zephyr/libzephyr.a(thread_entry.c.obj)
                0x08006800                z_thread_entry
 .text.arch_early_memset
                0x08006814        0x4 zephyr/arch/common/libarch__common.a(init.c.obj)
                0x08006814                arch_early_memset
 .text.arch_early_memcpy
                0x08006818        0x4 zephyr/arch/common/libarch__common.a(init.c.obj)
                0x08006818                arch_early_memcpy
 .text.z_do_kernel_oops
                0x0800681c        0x8 zephyr/arch/arch/arm/core/libarch__arm__core.a(fatal.c.obj)
                0x0800681c                z_do_kernel_oops
 .text.z_arm_nmi
                0x08006824        0xe zephyr/arch/arch/arm/core/libarch__arm__core.a(nmi.c.obj)
                0x08006824                z_arm_nmi
 .text.z_irq_spurious
                0x08006832        0x8 zephyr/arch/arch/arm/core/cortex_m/libarch__arm__core__cortex_m.a(irq_manage.c.obj)
                0x08006832                z_irq_spurious
 .text.arch_coprocessors_disable
                0x0800683a        0x4 zephyr/arch/arch/arm/core/cortex_m/libarch__arm__core__cortex_m.a(thread.c.obj)
                0x0800683a                arch_coprocessors_disable
 .text.arch_irq_unlock_outlined
                0x0800683e        0xe zephyr/arch/arch/arm/core/cortex_m/libarch__arm__core__cortex_m.a(thread.c.obj)
                0x0800683e                arch_irq_unlock_outlined
 .text.arch_cpu_idle
                0x0800684c       0x1a zephyr/arch/arch/arm/core/cortex_m/libarch__arm__core__cortex_m.a(cpu_idle.c.obj)
                0x0800684c                arch_cpu_idle
 .text.arch_cache_init
                0x08006866        0x2 zephyr/arch/arch/arm/core/cortex_m/libarch__arm__core__cortex_m.a(cache.c.obj)
                0x08006866                arch_cache_init
 .text.size_to_mpu_rasr_size
                0x08006868       0x20 zephyr/arch/arch/arm/core/mpu/libarch__arm__core__mpu.a(arm_mpu.c.obj)
 .text.strlen   0x08006888        0xe zephyr/lib/libc/minimal/liblib__libc__minimal.a(string.c.obj)
                0x08006888                strlen
 .text.memcpy   0x08006896       0x16 zephyr/lib/libc/minimal/liblib__libc__minimal.a(string.c.obj)
                0x08006896                memcpy
 .text.memset   0x080068ac       0x12 zephyr/lib/libc/minimal/liblib__libc__minimal.a(string.c.obj)
                0x080068ac                memset
 .text.strnlen  0x080068be       0x12 zephyr/lib/libc/common/liblib__libc__common.a(strnlen.c.obj)
                0x080068be                strnlen
 .text.nxp_siul2_eirq_init_0
                0x080068d0       0x94 zephyr/drivers/interrupt_controller/libdrivers__interrupt_controller.a(intc_nxp_siul2_eirq.c.obj)
 .text.nxp_siul2_eirq_get_pending
                0x08006964        0xc zephyr/drivers/interrupt_controller/libdrivers__interrupt_controller.a(intc_nxp_siul2_eirq.c.obj)
                0x08006964                nxp_siul2_eirq_get_pending
 .text.nxp_siul2_eirq_isr0_0
                0x08006970       0x4a zephyr/drivers/interrupt_controller/libdrivers__interrupt_controller.a(intc_nxp_siul2_eirq.c.obj)
 .text.nxp_s32_clock_get_rate
                0x080069ba       0x1c zephyr/drivers/clock_control/libdrivers__clock_control.a(clock_control_nxp_s32.c.obj)
 .text.nxp_s32_clock_off
                0x080069d6       0x18 zephyr/drivers/clock_control/libdrivers__clock_control.a(clock_control_nxp_s32.c.obj)
 .text.nxp_s32_clock_on
                0x080069ee       0x18 zephyr/drivers/clock_control/libdrivers__clock_control.a(clock_control_nxp_s32.c.obj)
 .text.pinctrl_lookup_state
                0x08006a06       0x24 zephyr/drivers/pinctrl/libdrivers__pinctrl.a(common.c.obj)
                0x08006a06                pinctrl_lookup_state
 .text.OsIf_Init
                0x08006a2a        0x8 modules/hal_nxp/libmodules__hal_nxp.a(OsIf_Timer.c.obj)
                0x08006a2a                OsIf_Init
 .text.OsIf_GetCounter
                0x08006a32        0x4 modules/hal_nxp/libmodules__hal_nxp.a(OsIf_Timer.c.obj)
                0x08006a32                OsIf_GetCounter
 .text.OsIf_GetElapsed
                0x08006a36        0x8 modules/hal_nxp/libmodules__hal_nxp.a(OsIf_Timer.c.obj)
                0x08006a36                OsIf_GetElapsed
 .text.OsIf_MicrosToTicks
                0x08006a3e        0x8 modules/hal_nxp/libmodules__hal_nxp.a(OsIf_Timer.c.obj)
                0x08006a3e                OsIf_MicrosToTicks
 .text.Clock_Ip_NotificatonsEmptyCallback
                0x08006a46        0x2 modules/hal_nxp/libmodules__hal_nxp.a(Clock_Ip.c.obj)
 .text.Clock_Ip_DisableModuleClock
                0x08006a48        0x2 modules/hal_nxp/libmodules__hal_nxp.a(Clock_Ip.c.obj)
                0x08006a48                Clock_Ip_DisableModuleClock
 .text.Clock_Ip_EnableModuleClock
                0x08006a4a        0x2 modules/hal_nxp/libmodules__hal_nxp.a(Clock_Ip.c.obj)
                0x08006a4a                Clock_Ip_EnableModuleClock
 .text.Clock_Ip_GetClockFrequency
                0x08006a4c        0x4 modules/hal_nxp/libmodules__hal_nxp.a(Clock_Ip.c.obj)
                0x08006a4c                Clock_Ip_GetClockFrequency
 .text.Clock_Ip_StartTimeout
                0x08006a50       0x20 modules/hal_nxp/libmodules__hal_nxp.a(Clock_Ip.c.obj)
                0x08006a50                Clock_Ip_StartTimeout
 .text.Clock_Ip_TimeoutExpired
                0x08006a70       0x1c modules/hal_nxp/libmodules__hal_nxp.a(Clock_Ip.c.obj)
                0x08006a70                Clock_Ip_TimeoutExpired
 .text.Clock_Ip_CallbackDividerEmptyName
                0x08006a8c        0x2 modules/hal_nxp/libmodules__hal_nxp.a(Clock_Ip_Divider.c.obj)
 .text.Clock_Ip_CallbackDividerEmpty1
                0x08006a8e        0x2 modules/hal_nxp/libmodules__hal_nxp.a(Clock_Ip_Divider.c.obj)
 .text.Clock_Ip_CallbackDividerEmpty2
                0x08006a90        0x4 modules/hal_nxp/libmodules__hal_nxp.a(Clock_Ip_Divider.c.obj)
 .text.Clock_Ip_CallbackDividerEmpty3
                0x08006a94        0x4 modules/hal_nxp/libmodules__hal_nxp.a(Clock_Ip_Divider.c.obj)
 .text.Clock_Ip_CallbackDividerEmpty4
                0x08006a98        0x2 modules/hal_nxp/libmodules__hal_nxp.a(Clock_Ip_Divider.c.obj)
 .text.Clock_Ip_CallbackDividerEmpty5
                0x08006a9a        0x2 modules/hal_nxp/libmodules__hal_nxp.a(Clock_Ip_Divider.c.obj)
 .text.Clock_Ip_SetOptionalParameterCgmXSlcYDcDeDivUpdStat
                0x08006a9c        0x2 modules/hal_nxp/libmodules__hal_nxp.a(Clock_Ip_Divider.c.obj)
 .text.Clock_Ip_SetOptionalParameterPlldivOutputDividerPostdiv
                0x08006a9e        0x2 modules/hal_nxp/libmodules__hal_nxp.a(Clock_Ip_Divider.c.obj)
 .text.Clock_Ip_SetOptionalParameterPlldivOutputDividerDeOutputDiv
                0x08006aa0        0x2 modules/hal_nxp/libmodules__hal_nxp.a(Clock_Ip_Divider.c.obj)
 .text.Clock_Ip_SetPlldivOutputDividerPostdiv
                0x08006aa2        0x2 modules/hal_nxp/libmodules__hal_nxp.a(Clock_Ip_Divider.c.obj)
 .text.Clock_Ip_GetDividerValuePlldivOutputDividerPostdiv
                0x08006aa4        0x4 modules/hal_nxp/libmodules__hal_nxp.a(Clock_Ip_Divider.c.obj)
 .text.Clock_Ip_GetMinimumDividerValuePlldivOutputDividerPostdiv
                0x08006aa8        0x4 modules/hal_nxp/libmodules__hal_nxp.a(Clock_Ip_Divider.c.obj)
 .text.Clock_Ip_GetDividerValuePlldivOutputDividerDeOutputDiv
                0x08006aac        0x4 modules/hal_nxp/libmodules__hal_nxp.a(Clock_Ip_Divider.c.obj)
 .text.Clock_Ip_GetMinimumDividerValuePlldivOutputDividerDeOutputDiv
                0x08006ab0        0x4 modules/hal_nxp/libmodules__hal_nxp.a(Clock_Ip_Divider.c.obj)
 .text.Clock_Ip_GetDividerValueCgmXSlcYDcDeDivUpdStat
                0x08006ab4        0x4 modules/hal_nxp/libmodules__hal_nxp.a(Clock_Ip_Divider.c.obj)
 .text.Clock_Ip_GetMinimumDividerValueCgmXSlcYDcDeDivUpdStat
                0x08006ab8        0x4 modules/hal_nxp/libmodules__hal_nxp.a(Clock_Ip_Divider.c.obj)
 .text.Clock_Ip_GetStatusPlldivOutputDividerPostdiv
                0x08006abc        0x4 modules/hal_nxp/libmodules__hal_nxp.a(Clock_Ip_Divider.c.obj)
 .text.Clock_Ip_GetStatusPlldivOutputDividerDeOutputDiv
                0x08006ac0        0x4 modules/hal_nxp/libmodules__hal_nxp.a(Clock_Ip_Divider.c.obj)
 .text.Clock_Ip_GetStatusCgmXSlcYDcDeDivUpdStat
                0x08006ac4        0x4 modules/hal_nxp/libmodules__hal_nxp.a(Clock_Ip_Divider.c.obj)
 .text.Clock_Ip_ResetPlldivOutputDividerPostdiv
                0x08006ac8        0x2 modules/hal_nxp/libmodules__hal_nxp.a(Clock_Ip_Divider.c.obj)
 .text.Clock_Ip_ResetPlldivOutputDividerDeOutputDiv
                0x08006aca        0x2 modules/hal_nxp/libmodules__hal_nxp.a(Clock_Ip_Divider.c.obj)
 .text.Clock_Ip_ResetCgmXSlcYDcDeDivUpdStat
                0x08006acc        0x2 modules/hal_nxp/libmodules__hal_nxp.a(Clock_Ip_Divider.c.obj)
 .text.Clock_Ip_ExternalOscillatorEmpty1
                0x08006ace        0x2 modules/hal_nxp/libmodules__hal_nxp.a(Clock_Ip_ExtOsc.c.obj)
 .text.Clock_Ip_ExternalOscillatorEmpty2
                0x08006ad0        0x2 modules/hal_nxp/libmodules__hal_nxp.a(Clock_Ip_ExtOsc.c.obj)
 .text.Clock_Ip_ExternalOscillatorEmpty3
                0x08006ad2        0x2 modules/hal_nxp/libmodules__hal_nxp.a(Clock_Ip_ExtOsc.c.obj)
 .text.Clock_Ip_ExternalOscillatorEmpty4
                0x08006ad4        0x4 modules/hal_nxp/libmodules__hal_nxp.a(Clock_Ip_ExtOsc.c.obj)
 .text.Clock_Ip_EnableSxoscCtrlOsconGmSelEocvCurrPrgStat
                0x08006ad8        0x4 modules/hal_nxp/libmodules__hal_nxp.a(Clock_Ip_ExtOsc.c.obj)
 .text.Clock_Ip_LockSxoscCtrlOsconGmSelEocvCurrPrgStat
                0x08006adc       0x12 modules/hal_nxp/libmodules__hal_nxp.a(Clock_Ip_ExtOsc.c.obj)
 .text.Clock_Ip_LockFxoscCtrlOsconAlcdGmSelEocvCompEnOscBypOscStat
                0x08006aee       0x12 modules/hal_nxp/libmodules__hal_nxp.a(Clock_Ip_ExtOsc.c.obj)
 .text.Clock_Ip_CallbackDfsEmptyName
                0x08006b00        0x2 modules/hal_nxp/libmodules__hal_nxp.a(Clock_Ip_FracDiv.c.obj)
 .text.Clock_Ip_CallbackDfsEmpty1
                0x08006b02        0x2 modules/hal_nxp/libmodules__hal_nxp.a(Clock_Ip_FracDiv.c.obj)
 .text.Clock_Ip_CallbackDfsEmpty2
                0x08006b04        0x2 modules/hal_nxp/libmodules__hal_nxp.a(Clock_Ip_FracDiv.c.obj)
 .text.Clock_Ip_CallbackDfsEmpty3
                0x08006b06        0x2 modules/hal_nxp/libmodules__hal_nxp.a(Clock_Ip_FracDiv.c.obj)
 .text.Clock_Ip_CallbackDfsEmpty4
                0x08006b08        0x4 modules/hal_nxp/libmodules__hal_nxp.a(Clock_Ip_FracDiv.c.obj)
 .text.Clock_Ip_LockDfsBypassClkoutEnableMfiMfn
                0x08006b0c       0x12 modules/hal_nxp/libmodules__hal_nxp.a(Clock_Ip_FracDiv.c.obj)
 .text.Clock_Ip_SetOptionalParameterDfsBypassClkoutEnableMfiMfn
                0x08006b1e        0x2 modules/hal_nxp/libmodules__hal_nxp.a(Clock_Ip_FracDiv.c.obj)
 .text.Clock_Ip_GetStatusDfsBypassClkoutEnableMfiMfn
                0x08006b20        0x4 modules/hal_nxp/libmodules__hal_nxp.a(Clock_Ip_FracDiv.c.obj)
 .text.Clock_Ip_Get_Zero_Frequency
                0x08006b24        0x6 modules/hal_nxp/libmodules__hal_nxp.a(Clock_Ip_Frequency.c.obj)
 .text.Clock_Ip_Get_LPE_DIV2_CLK_Frequency
                0x08006b2a        0x4 modules/hal_nxp/libmodules__hal_nxp.a(Clock_Ip_Frequency.c.obj)
 .text.Clock_Ip_Get_LPE_DIV4_CLK_Frequency
                0x08006b2e        0x4 modules/hal_nxp/libmodules__hal_nxp.a(Clock_Ip_Frequency.c.obj)
 .text.Clock_Ip_Get_LPE_DIV8_CLK_Frequency
                0x08006b32        0x4 modules/hal_nxp/libmodules__hal_nxp.a(Clock_Ip_Frequency.c.obj)
 .text.Clock_Ip_Get_LPE_DIV2_UNGATED_CLK_Frequency
                0x08006b36        0x4 modules/hal_nxp/libmodules__hal_nxp.a(Clock_Ip_Frequency.c.obj)
 .text.Clock_Ip_Get_LPE_DIV3_UNGATED_CLK_Frequency
                0x08006b3a        0x4 modules/hal_nxp/libmodules__hal_nxp.a(Clock_Ip_Frequency.c.obj)
 .text.Clock_Ip_Get_LPE_DIV4_UNGATED_CLK_Frequency
                0x08006b3e        0x4 modules/hal_nxp/libmodules__hal_nxp.a(Clock_Ip_Frequency.c.obj)
 .text.Clock_Ip_Get_CPE_DIV_CLK_Frequency
                0x08006b42       0x10 modules/hal_nxp/libmodules__hal_nxp.a(Clock_Ip_Frequency.c.obj)
 .text.Clock_Ip_Get_PLL1_DIV_CLK_Frequency
                0x08006b52       0x10 modules/hal_nxp/libmodules__hal_nxp.a(Clock_Ip_Frequency.c.obj)
 .text.Clock_Ip_Get_PLL0_DIV_CLK_Frequency
                0x08006b62       0x10 modules/hal_nxp/libmodules__hal_nxp.a(Clock_Ip_Frequency.c.obj)
 .text.Clock_Ip_Get_PLL0_DIV4_CLK_Frequency
                0x08006b72        0x4 modules/hal_nxp/libmodules__hal_nxp.a(Clock_Ip_Frequency.c.obj)
 .text.Clock_Ip_Get_SXOSC_CLK_Frequency
                0x08006b76        0x6 modules/hal_nxp/libmodules__hal_nxp.a(Clock_Ip_Frequency.c.obj)
 .text.Clock_Ip_Get_gated_clk_Frequency
                0x08006b7c        0x6 modules/hal_nxp/libmodules__hal_nxp.a(Clock_Ip_Frequency.c.obj)
 .text.Clock_Ip_Get_fast_crystal_oscillator_Frequency
                0x08006b82        0x6 modules/hal_nxp/libmodules__hal_nxp.a(Clock_Ip_Frequency.c.obj)
 .text.Clock_Ip_Get_slow_crystal_oscillator_Frequency
                0x08006b88        0x6 modules/hal_nxp/libmodules__hal_nxp.a(Clock_Ip_Frequency.c.obj)
 .text.Clock_Ip_Get_eth0_mii_rx_ext_clk_Frequency
                0x08006b8e        0x6 modules/hal_nxp/libmodules__hal_nxp.a(Clock_Ip_Frequency.c.obj)
 .text.Clock_Ip_Get_eth0_mii_tx_ext_clk_Frequency
                0x08006b94        0x6 modules/hal_nxp/libmodules__hal_nxp.a(Clock_Ip_Frequency.c.obj)
 .text.Clock_Ip_Get_eth0_rgmii_rx_ext_clk_Frequency
                0x08006b9a        0x6 modules/hal_nxp/libmodules__hal_nxp.a(Clock_Ip_Frequency.c.obj)
 .text.Clock_Ip_Get_eth0_rgmii_tx_ext_clk_Frequency
                0x08006ba0        0x6 modules/hal_nxp/libmodules__hal_nxp.a(Clock_Ip_Frequency.c.obj)
 .text.Clock_Ip_Get_eth0_rmii_ref_ext_clk_Frequency
                0x08006ba6        0x6 modules/hal_nxp/libmodules__hal_nxp.a(Clock_Ip_Frequency.c.obj)
 .text.Clock_Ip_Get_eth1_mii_rx_ext_clk_Frequency
                0x08006bac        0x6 modules/hal_nxp/libmodules__hal_nxp.a(Clock_Ip_Frequency.c.obj)
 .text.Clock_Ip_Get_eth1_mii_tx_ext_clk_Frequency
                0x08006bb2        0x6 modules/hal_nxp/libmodules__hal_nxp.a(Clock_Ip_Frequency.c.obj)
 .text.Clock_Ip_Get_eth1_rgmii_rx_ext_clk_Frequency
                0x08006bb8        0x6 modules/hal_nxp/libmodules__hal_nxp.a(Clock_Ip_Frequency.c.obj)
 .text.Clock_Ip_Get_eth1_rgmii_tx_ext_clk_Frequency
                0x08006bbe        0x6 modules/hal_nxp/libmodules__hal_nxp.a(Clock_Ip_Frequency.c.obj)
 .text.Clock_Ip_Get_eth1_rmii_ref_ext_clk_Frequency
                0x08006bc4        0x6 modules/hal_nxp/libmodules__hal_nxp.a(Clock_Ip_Frequency.c.obj)
 .text.Clock_Ip_Get_eth2_mii_rx_ext_clk_Frequency
                0x08006bca        0x6 modules/hal_nxp/libmodules__hal_nxp.a(Clock_Ip_Frequency.c.obj)
 .text.Clock_Ip_Get_eth2_mii_tx_ext_clk_Frequency
                0x08006bd0        0x6 modules/hal_nxp/libmodules__hal_nxp.a(Clock_Ip_Frequency.c.obj)
 .text.Clock_Ip_Get_eth2_rgmii_rx_ext_clk_Frequency
                0x08006bd6        0x6 modules/hal_nxp/libmodules__hal_nxp.a(Clock_Ip_Frequency.c.obj)
 .text.Clock_Ip_Get_eth2_rgmii_tx_ext_clk_Frequency
                0x08006bdc        0x6 modules/hal_nxp/libmodules__hal_nxp.a(Clock_Ip_Frequency.c.obj)
 .text.Clock_Ip_Get_eth2_rmii_ref_ext_clk_Frequency
                0x08006be2        0x6 modules/hal_nxp/libmodules__hal_nxp.a(Clock_Ip_Frequency.c.obj)
 .text.Clock_Ip_Get_ts_1588_clk_Frequency
                0x08006be8        0x6 modules/hal_nxp/libmodules__hal_nxp.a(Clock_Ip_Frequency.c.obj)
 .text.Clock_Ip_Get_RR_RTC_CLK_Frequency
                0x08006bee        0x4 modules/hal_nxp/libmodules__hal_nxp.a(Clock_Ip_Frequency.c.obj)
 .text.Clock_Ip_SetExternalOscillatorFrequency
                0x08006bf2        0x2 modules/hal_nxp/libmodules__hal_nxp.a(Clock_Ip_Frequency.c.obj)
                0x08006bf2                Clock_Ip_SetExternalOscillatorFrequency
 .text.Clock_Ip_CallbackGateEmptyName
                0x08006bf4        0x2 modules/hal_nxp/libmodules__hal_nxp.a(Clock_Ip_Gate.c.obj)
 .text.Clock_Ip_CallbackGateEmpty1
                0x08006bf6        0x2 modules/hal_nxp/libmodules__hal_nxp.a(Clock_Ip_Gate.c.obj)
 .text.Clock_Ip_CallbackGateEmpty2
                0x08006bf8        0x2 modules/hal_nxp/libmodules__hal_nxp.a(Clock_Ip_Gate.c.obj)
 .text.Clock_Ip_CallbackGateEmpty3
                0x08006bfa        0x4 modules/hal_nxp/libmodules__hal_nxp.a(Clock_Ip_Gate.c.obj)
 .text.Clock_Ip_CallbackGateEmpty4
                0x08006bfe        0x4 modules/hal_nxp/libmodules__hal_nxp.a(Clock_Ip_Gate.c.obj)
 .text.Clock_Ip_SetNameGprXPctlModulePctlPctl
                0x08006c02        0x2 modules/hal_nxp/libmodules__hal_nxp.a(Clock_Ip_Gate.c.obj)
 .text.Clock_Ip_SetStateGprXPctlModulePctlPctl
                0x08006c04        0x2 modules/hal_nxp/libmodules__hal_nxp.a(Clock_Ip_Gate.c.obj)
 .text.Clock_Ip_GetStatusGprXPctlModulePctlPctl
                0x08006c06        0x4 modules/hal_nxp/libmodules__hal_nxp.a(Clock_Ip_Gate.c.obj)
 .text.Clock_Ip_GetStateGprXPctlModulePctlPctl
                0x08006c0a        0x4 modules/hal_nxp/libmodules__hal_nxp.a(Clock_Ip_Gate.c.obj)
 .text.Clock_Ip_ResetGprXPctlModulePctlPctl
                0x08006c0e        0x2 modules/hal_nxp/libmodules__hal_nxp.a(Clock_Ip_Gate.c.obj)
 .text.Clock_Ip_EnableGprXPctlModulePctlPctl
                0x08006c10        0x2 modules/hal_nxp/libmodules__hal_nxp.a(Clock_Ip_Gate.c.obj)
 .text.Clock_Ip_DisableGprXPctlModulePctlPctl
                0x08006c12        0x2 modules/hal_nxp/libmodules__hal_nxp.a(Clock_Ip_Gate.c.obj)
 .text.Clock_Ip_WaitGprXPctlModulePctlPctl
                0x08006c14        0x2 modules/hal_nxp/libmodules__hal_nxp.a(Clock_Ip_Gate.c.obj)
 .text.Clock_Ip_Disable_Optimized_GprXPctlModulePctlPctl
                0x08006c16        0x2 modules/hal_nxp/libmodules__hal_nxp.a(Clock_Ip_Gate.c.obj)
 .text.Clock_Ip_Wait_Optimized_GprXPctlModulePctlPctl
                0x08006c18        0x2 modules/hal_nxp/libmodules__hal_nxp.a(Clock_Ip_Gate.c.obj)
 .text.Clock_Ip_Enable_Optimized_GprXPctlModulePctlPctl
                0x08006c1a        0x2 modules/hal_nxp/libmodules__hal_nxp.a(Clock_Ip_Gate.c.obj)
 .text.Clock_Ip_CallbackCmuEmptyName
                0x08006c1c        0x2 modules/hal_nxp/libmodules__hal_nxp.a(Clock_Ip_Monitor.c.obj)
 .text.Clock_Ip_CallbackCmuEmpty1
                0x08006c1e        0x2 modules/hal_nxp/libmodules__hal_nxp.a(Clock_Ip_Monitor.c.obj)
 .text.Clock_Ip_CallbackCmuEmpty2
                0x08006c20        0x2 modules/hal_nxp/libmodules__hal_nxp.a(Clock_Ip_Monitor.c.obj)
 .text.Clock_Ip_CallbackCmuEmpty3
                0x08006c22        0x4 modules/hal_nxp/libmodules__hal_nxp.a(Clock_Ip_Monitor.c.obj)
 .text.Clock_Ip_SetNameCmuFcFceRefCntLfrefHfrefRs
                0x08006c26        0x2 modules/hal_nxp/libmodules__hal_nxp.a(Clock_Ip_Monitor.c.obj)
 .text.Clock_Ip_Set_Optimized_CmuFcFceRefCntLfrefHfrefRs
                0x08006c28        0x2 modules/hal_nxp/libmodules__hal_nxp.a(Clock_Ip_Monitor.c.obj)
 .text.Clock_Ip_SetCmuFcFceRefCntLfrefHfrefRs
                0x08006c2a        0x2 modules/hal_nxp/libmodules__hal_nxp.a(Clock_Ip_Monitor.c.obj)
 .text.Clock_Ip_GetStatusCmuFcFceRefCntLfrefHfrefRs
                0x08006c2c        0x4 modules/hal_nxp/libmodules__hal_nxp.a(Clock_Ip_Monitor.c.obj)
 .text.Clock_Ip_ResetCmuFcFceRefCntLfrefHfrefRs
                0x08006c30        0x2 modules/hal_nxp/libmodules__hal_nxp.a(Clock_Ip_Monitor.c.obj)
 .text.Clock_Ip_EnableCmuFcFceRefCntLfrefHfrefRs
                0x08006c32        0x2 modules/hal_nxp/libmodules__hal_nxp.a(Clock_Ip_Monitor.c.obj)
 .text.Clock_Ip_Enable_Optimized_CmuFcFceRefCntLfrefHfrefRs
                0x08006c34        0x2 modules/hal_nxp/libmodules__hal_nxp.a(Clock_Ip_Monitor.c.obj)
 .text.Clock_Ip_CallbackPllEmptyName
                0x08006c36        0x2 modules/hal_nxp/libmodules__hal_nxp.a(Clock_Ip_Pll.c.obj)
 .text.Clock_Ip_CallbackPllEmpty1
                0x08006c38        0x2 modules/hal_nxp/libmodules__hal_nxp.a(Clock_Ip_Pll.c.obj)
 .text.Clock_Ip_CallbackPllEmpty2
                0x08006c3a        0x2 modules/hal_nxp/libmodules__hal_nxp.a(Clock_Ip_Pll.c.obj)
 .text.Clock_Ip_CallbackPllEmpty3
                0x08006c3c        0x2 modules/hal_nxp/libmodules__hal_nxp.a(Clock_Ip_Pll.c.obj)
 .text.Clock_Ip_CallbackPllEmpty4
                0x08006c3e        0x4 modules/hal_nxp/libmodules__hal_nxp.a(Clock_Ip_Pll.c.obj)
 .text.Clock_Ip_CallbackPllEmpty5
                0x08006c42        0x4 modules/hal_nxp/libmodules__hal_nxp.a(Clock_Ip_Pll.c.obj)
 .text.Clock_Ip_CallbackPllEmpty7
                0x08006c46        0x4 modules/hal_nxp/libmodules__hal_nxp.a(Clock_Ip_Pll.c.obj)
 .text.Clock_Ip_GetInputReferencesPllPowerupRdivMfiMfnEnableSpreadctlStepStopRefClkSel
                0x08006c4a        0x8 modules/hal_nxp/libmodules__hal_nxp.a(Clock_Ip_Pll.c.obj)
 .text.Clock_Ip_GetMaximumPredividerValuePllPowerupRdivMfiMfnEnableSpreadctlStepStopRefClkSel
                0x08006c52        0x4 modules/hal_nxp/libmodules__hal_nxp.a(Clock_Ip_Pll.c.obj)
 .text.Clock_Ip_GetMaximumDenominatorValuePllPowerupRdivMfiMfnEnableSpreadctlStepStopRefClkSel
                0x08006c56        0x6 modules/hal_nxp/libmodules__hal_nxp.a(Clock_Ip_Pll.c.obj)
 .text.Clock_Ip_LockPllPowerupRdivMfiMfnEnableSpreadctlStepStopRefClkSel
                0x08006c5c       0x12 modules/hal_nxp/libmodules__hal_nxp.a(Clock_Ip_Pll.c.obj)
 .text.Clock_Ip_CallbackPllEmpty6
                0x08006c6e        0x4 modules/hal_nxp/libmodules__hal_nxp.a(Clock_Ip_Pll.c.obj)
 .text.Clock_Ip_CallbackSelectorEmptyName
                0x08006c72        0x2 modules/hal_nxp/libmodules__hal_nxp.a(Clock_Ip_Selector.c.obj)
 .text.Clock_Ip_CallbackSelectorEmpty1
                0x08006c74        0x2 modules/hal_nxp/libmodules__hal_nxp.a(Clock_Ip_Selector.c.obj)
 .text.Clock_Ip_CallbackSelectorEmpty2
                0x08006c76        0x4 modules/hal_nxp/libmodules__hal_nxp.a(Clock_Ip_Selector.c.obj)
 .text.Clock_Ip_CallbackSelectorEmpty3
                0x08006c7a        0x4 modules/hal_nxp/libmodules__hal_nxp.a(Clock_Ip_Selector.c.obj)
 .text.Clock_Ip_CallbackSelectorEmpty4
                0x08006c7e        0x2 modules/hal_nxp/libmodules__hal_nxp.a(Clock_Ip_Selector.c.obj)
 .text.Clock_Ip_CallbackSelectorEmpty6
                0x08006c80        0x4 modules/hal_nxp/libmodules__hal_nxp.a(Clock_Ip_Selector.c.obj)
 .text.Clock_Ip_ResetCgmXCscCssClkSwSwtrigSwipRmpSw
                0x08006c84        0x4 modules/hal_nxp/libmodules__hal_nxp.a(Clock_Ip_Selector.c.obj)
 .text.Clock_Ip_WaitCgmXCscCssClkSwSwtrigSwipRmpSw
                0x08006c88        0x4 modules/hal_nxp/libmodules__hal_nxp.a(Clock_Ip_Selector.c.obj)
 .text.Clock_Ip_SwitchCgmXCscCssClkSwSwtrigSwip
                0x08006c8c        0xe modules/hal_nxp/libmodules__hal_nxp.a(Clock_Ip_Selector.c.obj)
 .text.Clock_Ip_GetDividerChildrenCgmXCscCssClkSwSwtrigSwipRmpSw
                0x08006c9a        0x4 modules/hal_nxp/libmodules__hal_nxp.a(Clock_Ip_Selector.c.obj)
 .text.Clock_Ip_SetOptionalParameterCgmXCscCssClkSwSwtrigSwipRmpSw
                0x08006c9e        0x2 modules/hal_nxp/libmodules__hal_nxp.a(Clock_Ip_Selector.c.obj)
 .text.Clock_Ip_SetOptionalParameterCgmXCscCssClkSwSwtrigSwip
                0x08006ca0        0x2 modules/hal_nxp/libmodules__hal_nxp.a(Clock_Ip_Selector.c.obj)
 .text.Clock_Ip_CallbackSelectorEmpty7
                0x08006ca2        0x4 modules/hal_nxp/libmodules__hal_nxp.a(Clock_Ip_Selector.c.obj)
 .text.Clock_Ip_GetSelectorEntriesCgmXCscCssClkSwSwtrigSwipRmpSw
                0x08006ca6        0x4 modules/hal_nxp/libmodules__hal_nxp.a(Clock_Ip_Selector.c.obj)
 .text.Clock_Ip_CallbackSelectorEmpty5
                0x08006caa        0x2 modules/hal_nxp/libmodules__hal_nxp.a(Clock_Ip_Selector.c.obj)
 .text.Clock_Ip_SwitchCgmXCscCssClkSwSwtrigSwipRmpSw
                0x08006cac        0x2 modules/hal_nxp/libmodules__hal_nxp.a(Clock_Ip_Selector.c.obj)
 .text.Clock_Ip_GetSourceCgmXCscCssClkSwSwtrigSwip
                0x08006cae        0x4 modules/hal_nxp/libmodules__hal_nxp.a(Clock_Ip_Selector.c.obj)
 .text.Clock_Ip_GetSourceCgmXCscCssClkSwSwtrigSwipRmpSw
                0x08006cb2        0x4 modules/hal_nxp/libmodules__hal_nxp.a(Clock_Ip_Selector.c.obj)
 .text.Clock_Ip_GetStatusCgmXCscCssClkSwSwtrigSwip
                0x08006cb6        0x4 modules/hal_nxp/libmodules__hal_nxp.a(Clock_Ip_Selector.c.obj)
 .text.Clock_Ip_GetStatusCgmXCscCssClkSwSwtrigSwipRmpSw
                0x08006cba        0x4 modules/hal_nxp/libmodules__hal_nxp.a(Clock_Ip_Selector.c.obj)
 .text.Clock_Ip_SetRtcRtccClksel
                0x08006cbe        0x4 modules/hal_nxp/libmodules__hal_nxp.a(Clock_Ip_Selector.c.obj)
 .text.Clock_Ip_Command
                0x08006cc2        0x2 modules/hal_nxp/libmodules__hal_nxp.a(Clock_Ip_Specific.c.obj)
                0x08006cc2                Clock_Ip_Command
 .text.arch_system_halt
                0x08006cc4       0x10 zephyr/kernel/libkernel.a(fatal.c.obj)
                0x08006cc4                arch_system_halt
 .text.k_sys_fatal_error_handler
                0x08006cd4        0x6 zephyr/kernel/libkernel.a(fatal.c.obj)
                0x08006cd4                k_sys_fatal_error_handler
 .text.idle     0x08006cda       0x16 zephyr/kernel/libkernel.a(idle.c.obj)
                0x08006cda                idle
 .text.z_thread_abort
                0x08006cf0       0x3e zephyr/kernel/libkernel.a(thread.c.obj)
                0x08006cf0                z_thread_abort
 .text.z_impl_k_yield
                0x08006d2e        0x4 zephyr/kernel/libkernel.a(thread.c.obj)
                0x08006d2e                z_impl_k_yield
 .text.sys_dlist_remove
                0x08006d32       0x10 zephyr/kernel/libkernel.a(sched.c.obj)
 .text.unpend_thread_no_timeout
                0x08006d42       0x14 zephyr/kernel/libkernel.a(sched.c.obj)
 .text.z_ready_thread
                0x08006d56       0x1e zephyr/kernel/libkernel.a(sched.c.obj)
                0x08006d56                z_ready_thread
 .text.z_sched_ready_locked
                0x08006d74        0x4 zephyr/kernel/libkernel.a(sched.c.obj)
                0x08006d74                z_sched_ready_locked
 .text.z_sched_unready_locked
                0x08006d78        0x4 zephyr/kernel/libkernel.a(sched.c.obj)
                0x08006d78                z_sched_unready_locked
 .text.z_sched_wake_thread_locked
                0x08006d7c       0x28 zephyr/kernel/libkernel.a(sched.c.obj)
                0x08006d7c                z_sched_wake_thread_locked
 .text.z_thread_timeout
                0x08006da4       0x30 zephyr/kernel/libkernel.a(sched.c.obj)
                0x08006da4                z_thread_timeout
 .text.z_reschedule
                0x08006dd4        0x6 zephyr/kernel/libkernel.a(sched.c.obj)
                0x08006dd4                z_reschedule
 .text.z_impl_k_sleep
                0x08006dda       0x32 zephyr/kernel/libkernel.a(sleep.c.obj)
                0x08006dda                z_impl_k_sleep
 .text.next_timeout
                0x08006e0c       0x2e zephyr/kernel/libkernel.a(timeout.c.obj)
 .text.sys_clock_tick_get_32
                0x08006e3a        0x8 zephyr/kernel/libkernel.a(timeout.c.obj)
                0x08006e3a                sys_clock_tick_get_32
 .text.do_device_init
                0x08006e42       0x30 zephyr/kernel/libkernel.a(device.c.obj)
                0x08006e42                do_device_init
 *(SORT_BY_ALIGNMENT(.gnu.linkonce.t.*))
 *(SORT_BY_ALIGNMENT(.glue_7t))
 .glue_7t       0x08006e72        0x0 linker stubs
 *(SORT_BY_ALIGNMENT(.glue_7))
 .glue_7        0x08006e72        0x0 linker stubs
 *(SORT_BY_ALIGNMENT(.vfp11_veneer))
 .vfp11_veneer  0x08006e72        0x0 linker stubs
 *(SORT_BY_ALIGNMENT(.v4_bx))
 .v4_bx         0x08006e72        0x0 linker stubs
                0x08006e74                        . = ALIGN (0x4)
 *fill*         0x08006e72        0x2 
                0x08006e74                        __text_region_end = .

.ARM.exidx      0x08006e74        0x8
                0x08006e74                        __exidx_start = .
 *(SORT_BY_ALIGNMENT(.ARM.exidx*) SORT_BY_ALIGNMENT(gnu.linkonce.armexidx.*))
 .ARM.exidx     0x08006e74        0x8 /usr/lib/gcc/arm-none-eabi/14.2.1/thumb/v7e-m+fp/hard/libgcc.a(_udivmoddi4.o)
                0x08006e7c                        __exidx_end = .
                0x08006e7c                        __rodata_region_start = .

initlevel       0x08006e7c       0x20
                0x08006e7c                        __init_start = .
                0x08006e7c                        __init_EARLY_start = .
 *(SORT_BY_NAME(SORT_BY_ALIGNMENT(.z_init_EARLY_P_?_*)))
 *(SORT_BY_NAME(SORT_BY_ALIGNMENT(.z_init_EARLY_P_??_*)))
 *(SORT_BY_NAME(SORT_BY_ALIGNMENT(.z_init_EARLY_P_???_*)))
                0x08006e7c                        __init_PRE_KERNEL_1_start = .
 *(SORT_BY_NAME(SORT_BY_ALIGNMENT(.z_init_PRE_KERNEL_1_P_?_*)))
 *(SORT_BY_NAME(SORT_BY_ALIGNMENT(.z_init_PRE_KERNEL_1_P_??_*)))
 .z_init_PRE_KERNEL_1_P_30_SUB_00030_
                0x08006e7c        0x8 zephyr/drivers/clock_control/libdrivers__clock_control.a(clock_control_nxp_s32.c.obj)
 *(SORT_BY_NAME(SORT_BY_ALIGNMENT(.z_init_PRE_KERNEL_1_P_???_*)))
                0x08006e84                        __init_PRE_KERNEL_2_start = .
 *(SORT_BY_NAME(SORT_BY_ALIGNMENT(.z_init_PRE_KERNEL_2_P_?_*)))
 .z_init_PRE_KERNEL_2_P_0_SUB_0_
                0x08006e84        0x8 zephyr/drivers/timer/libdrivers__timer.a(cortex_m_systick.c.obj)
 *(SORT_BY_NAME(SORT_BY_ALIGNMENT(.z_init_PRE_KERNEL_2_P_??_*)))
 .z_init_PRE_KERNEL_2_P_40_SUB_00013_
                0x08006e8c        0x8 zephyr/drivers/interrupt_controller/libdrivers__interrupt_controller.a(intc_nxp_siul2_eirq.c.obj)
 *(SORT_BY_NAME(SORT_BY_ALIGNMENT(.z_init_PRE_KERNEL_2_P_???_*)))
                0x08006e94                        __init_POST_KERNEL_start = .
 *(SORT_BY_NAME(SORT_BY_ALIGNMENT(.z_init_POST_KERNEL_P_?_*)))
 *(SORT_BY_NAME(SORT_BY_ALIGNMENT(.z_init_POST_KERNEL_P_??_*)))
 *(SORT_BY_NAME(SORT_BY_ALIGNMENT(.z_init_POST_KERNEL_P_???_*)))
                0x08006e94                        __init_APPLICATION_start = .
 *(SORT_BY_NAME(SORT_BY_ALIGNMENT(.z_init_APPLICATION_P_?_*)))
 .z_init_APPLICATION_P_0_SUB_0_
                0x08006e94        0x8 zephyr/libzephyr.a(boot_banner.c.obj)
 *(SORT_BY_NAME(SORT_BY_ALIGNMENT(.z_init_APPLICATION_P_??_*)))
 *(SORT_BY_NAME(SORT_BY_ALIGNMENT(.z_init_APPLICATION_P_???_*)))
                0x08006e9c                        __init_SMP_start = .
 *(SORT_BY_NAME(SORT_BY_ALIGNMENT(.z_init_SMP_P_?_*)))
 *(SORT_BY_NAME(SORT_BY_ALIGNMENT(.z_init_SMP_P_??_*)))
 *(SORT_BY_NAME(SORT_BY_ALIGNMENT(.z_init_SMP_P_???_*)))
                0x08006e9c                        __init_end = .

device_area     0x08006e9c       0x38
                0x08006e9c                        _device_list_start = .
 *(SORT_BY_NAME(SORT_BY_ALIGNMENT(._device.static.*_?_*)))
 *(SORT_BY_NAME(SORT_BY_ALIGNMENT(._device.static.*_??_*)))
 ._device.static.1_30_
                0x08006e9c       0x1c zephyr/drivers/clock_control/libdrivers__clock_control.a(clock_control_nxp_s32.c.obj)
                0x08006e9c                __device_dts_ord_30
 ._device.static.2_40_
                0x08006eb8       0x1c zephyr/drivers/interrupt_controller/libdrivers__interrupt_controller.a(intc_nxp_siul2_eirq.c.obj)
                0x08006eb8                __device_dts_ord_13
 *(SORT_BY_NAME(SORT_BY_ALIGNMENT(._device.static.*_???_*)))
 *(SORT_BY_NAME(SORT_BY_ALIGNMENT(._device.static.*_????_*)))
 *(SORT_BY_NAME(SORT_BY_ALIGNMENT(._device.static.*_?????_*)))
                0x08006ed4                        _device_list_end = .

sw_isr_table    0x08006ed4      0x778
                0x08006ed4                        . = ALIGN (0x4)
 *(SORT_BY_ALIGNMENT(.gnu.linkonce.sw_isr_table*))
 .gnu.linkonce.sw_isr_table
                0x08006ed4      0x778 zephyr/arch/common/libisr_tables.a(isr_tables.c.obj)
                0x08006ed4                _sw_isr_table

initlevel_error
 *(SORT_BY_NAME(SORT_BY_ALIGNMENT(.z_init_*)))
                0x00000001                        ASSERT ((SIZEOF (initlevel_error) == 0x0), Undefined initialization levels used.)

app_shmem_regions
                0x0800764c        0x0
                0x0800764c                        __app_shmem_regions_start = .
 *(SORT_BY_NAME(SORT_BY_ALIGNMENT(.app_regions.*)))
                0x0800764c                        __app_shmem_regions_end = .

k_p4wq_initparam_area
                0x0800764c        0x0
                0x0800764c                        _k_p4wq_initparam_list_start = .
 *(SORT_BY_NAME(SORT_BY_ALIGNMENT(._k_p4wq_initparam.static.*)))
                0x0800764c                        _k_p4wq_initparam_list_end = .

_static_thread_data_area
                0x0800764c        0x0
                0x0800764c                        __static_thread_data_list_start = .
 *(SORT_BY_NAME(SORT_BY_ALIGNMENT(.__static_thread_data.static.*)))
                0x0800764c                        __static_thread_data_list_end = .

device_deps     0x0800764c        0x0
                0x0800764c                        __device_deps_start = .
 *(SORT_BY_NAME(SORT_BY_ALIGNMENT(.__device_deps_pass2*)))
                0x0800764c                        __device_deps_end = .

device_api_area
                0x0800764c       0x1c
                0x0800764c                        _shared_irq_driver_api_list_start = .
 *(SORT_BY_NAME(SORT_BY_ALIGNMENT(._shared_irq_driver_api.static.*)))
                0x0800764c                        _shared_irq_driver_api_list_end = .
                0x0800764c                        _shared_irq_driver_api_ext_end = .
                0x0800764c                        _audio_codec_driver_api_list_start = .
 *(SORT_BY_NAME(SORT_BY_ALIGNMENT(._audio_codec_driver_api.static.*)))
                0x0800764c                        _audio_codec_driver_api_list_end = .
                0x0800764c                        _audio_codec_driver_api_ext_end = .
                0x0800764c                        _dmic_driver_api_list_start = .
 *(SORT_BY_NAME(SORT_BY_ALIGNMENT(._dmic_driver_api.static.*)))
                0x0800764c                        _dmic_driver_api_list_end = .
                0x0800764c                        _dmic_driver_api_ext_end = .
                0x0800764c                        _crypto_driver_api_list_start = .
 *(SORT_BY_NAME(SORT_BY_ALIGNMENT(._crypto_driver_api.static.*)))
                0x0800764c                        _crypto_driver_api_list_end = .
                0x0800764c                        _crypto_driver_api_ext_end = .
                0x0800764c                        _adc_driver_api_list_start = .
 *(SORT_BY_NAME(SORT_BY_ALIGNMENT(._adc_driver_api.static.*)))
                0x0800764c                        _adc_driver_api_list_end = .
                0x0800764c                        _adc_driver_api_ext_end = .
                0x0800764c                        _auxdisplay_driver_api_list_start = .
 *(SORT_BY_NAME(SORT_BY_ALIGNMENT(._auxdisplay_driver_api.static.*)))
                0x0800764c                        _auxdisplay_driver_api_list_end = .
                0x0800764c                        _auxdisplay_driver_api_ext_end = .
                0x0800764c                        _bbram_driver_api_list_start = .
 *(SORT_BY_NAME(SORT_BY_ALIGNMENT(._bbram_driver_api.static.*)))
                0x0800764c                        _bbram_driver_api_list_end = .
                0x0800764c                        _bbram_driver_api_ext_end = .
                0x0800764c                        _biometric_driver_api_list_start = .
 *(SORT_BY_NAME(SORT_BY_ALIGNMENT(._biometric_driver_api.static.*)))
                0x0800764c                        _biometric_driver_api_list_end = .
                0x0800764c                        _biometric_driver_api_ext_end = .
                0x0800764c                        _bt_hci_driver_api_list_start = .
 *(SORT_BY_NAME(SORT_BY_ALIGNMENT(._bt_hci_driver_api.static.*)))
                0x0800764c                        _bt_hci_driver_api_list_end = .
                0x0800764c                        _bt_hci_driver_api_ext_end = .
                0x0800764c                        _buzzer_driver_api_list_start = .
 *(SORT_BY_NAME(SORT_BY_ALIGNMENT(._buzzer_driver_api.static.*)))
                0x0800764c                        _buzzer_driver_api_list_end = .
                0x0800764c                        _buzzer_driver_api_ext_end = .
                0x0800764c                        _can_driver_api_list_start = .
 *(SORT_BY_NAME(SORT_BY_ALIGNMENT(._can_driver_api.static.*)))
                0x0800764c                        _can_driver_api_list_end = .
                0x0800764c                        _can_driver_api_ext_end = .
                0x0800764c                        _cellular_driver_api_list_start = .
 *(SORT_BY_NAME(SORT_BY_ALIGNMENT(._cellular_driver_api.static.*)))
                0x0800764c                        _cellular_driver_api_list_end = .
                0x0800764c                        _cellular_driver_api_ext_end = .
                0x0800764c                        _charger_driver_api_list_start = .
 *(SORT_BY_NAME(SORT_BY_ALIGNMENT(._charger_driver_api.static.*)))
                0x0800764c                        _charger_driver_api_list_end = .
                0x0800764c                        _charger_driver_api_ext_end = .
                0x0800764c                        _clock_control_driver_api_list_start = .
 *(SORT_BY_NAME(SORT_BY_ALIGNMENT(._clock_control_driver_api.static.*)))
 ._clock_control_driver_api.static.nxp_s32_clock_driver_api_
                0x0800764c       0x1c zephyr/drivers/clock_control/libdrivers__clock_control.a(clock_control_nxp_s32.c.obj)
                0x08007668                        _clock_control_driver_api_list_end = .
                0x08007668                        _nrf_clock_control_driver_api_list_start = .
 *(SORT_BY_NAME(SORT_BY_ALIGNMENT(._nrf_clock_control_driver_api.static.*)))
                0x08007668                        _nrf_clock_control_driver_api_list_end = .
                0x08007668                        _nrf_clock_control_driver_api_ext_end = .
                0x08007668                        _clock_control_driver_api_ext_end = .
                0x08007668                        _comparator_driver_api_list_start = .
 *(SORT_BY_NAME(SORT_BY_ALIGNMENT(._comparator_driver_api.static.*)))
                0x08007668                        _comparator_driver_api_list_end = .
                0x08007668                        _comparator_driver_api_ext_end = .
                0x08007668                        _coredump_driver_api_list_start = .
 *(SORT_BY_NAME(SORT_BY_ALIGNMENT(._coredump_driver_api.static.*)))
                0x08007668                        _coredump_driver_api_list_end = .
                0x08007668                        _coredump_driver_api_ext_end = .
                0x08007668                        _counter_driver_api_list_start = .
 *(SORT_BY_NAME(SORT_BY_ALIGNMENT(._counter_driver_api.static.*)))
                0x08007668                        _counter_driver_api_list_end = .
                0x08007668                        _counter_driver_api_ext_end = .
                0x08007668                        _crc_driver_api_list_start = .
 *(SORT_BY_NAME(SORT_BY_ALIGNMENT(._crc_driver_api.static.*)))
                0x08007668                        _crc_driver_api_list_end = .
                0x08007668                        _crc_driver_api_ext_end = .
                0x08007668                        _dac_driver_api_list_start = .
 *(SORT_BY_NAME(SORT_BY_ALIGNMENT(._dac_driver_api.static.*)))
                0x08007668                        _dac_driver_api_list_end = .
                0x08007668                        _dac_driver_api_ext_end = .
                0x08007668                        _dai_driver_api_list_start = .
 *(SORT_BY_NAME(SORT_BY_ALIGNMENT(._dai_driver_api.static.*)))
                0x08007668                        _dai_driver_api_list_end = .
                0x08007668                        _dai_driver_api_ext_end = .
                0x08007668                        _dali_driver_api_list_start = .
 *(SORT_BY_NAME(SORT_BY_ALIGNMENT(._dali_driver_api.static.*)))
                0x08007668                        _dali_driver_api_list_end = .
                0x08007668                        _dali_driver_api_ext_end = .
                0x08007668                        _display_driver_api_list_start = .
 *(SORT_BY_NAME(SORT_BY_ALIGNMENT(._display_driver_api.static.*)))
                0x08007668                        _display_driver_api_list_end = .
                0x08007668                        _display_driver_api_ext_end = .
                0x08007668                        _dma_driver_api_list_start = .
 *(SORT_BY_NAME(SORT_BY_ALIGNMENT(._dma_driver_api.static.*)))
                0x08007668                        _dma_driver_api_list_end = .
                0x08007668                        _dma_driver_api_ext_end = .
                0x08007668                        _edac_driver_api_list_start = .
 *(SORT_BY_NAME(SORT_BY_ALIGNMENT(._edac_driver_api.static.*)))
                0x08007668                        _edac_driver_api_list_end = .
                0x08007668                        _edac_driver_api_ext_end = .
                0x08007668                        _eeprom_driver_api_list_start = .
 *(SORT_BY_NAME(SORT_BY_ALIGNMENT(._eeprom_driver_api.static.*)))
                0x08007668                        _eeprom_driver_api_list_end = .
                0x08007668                        _eeprom_driver_api_ext_end = .
                0x08007668                        _emul_bbram_driver_api_list_start = .
 *(SORT_BY_NAME(SORT_BY_ALIGNMENT(._emul_bbram_driver_api.static.*)))
                0x08007668                        _emul_bbram_driver_api_list_end = .
                0x08007668                        _emul_bbram_driver_api_ext_end = .
                0x08007668                        _fuel_gauge_emul_driver_api_list_start = .
 *(SORT_BY_NAME(SORT_BY_ALIGNMENT(._fuel_gauge_emul_driver_api.static.*)))
                0x08007668                        _fuel_gauge_emul_driver_api_list_end = .
                0x08007668                        _fuel_gauge_emul_driver_api_ext_end = .
                0x08007668                        _emul_sensor_driver_api_list_start = .
 *(SORT_BY_NAME(SORT_BY_ALIGNMENT(._emul_sensor_driver_api.static.*)))
                0x08007668                        _emul_sensor_driver_api_list_end = .
                0x08007668                        _emul_sensor_driver_api_ext_end = .
                0x08007668                        _entropy_driver_api_list_start = .
 *(SORT_BY_NAME(SORT_BY_ALIGNMENT(._entropy_driver_api.static.*)))
                0x08007668                        _entropy_driver_api_list_end = .
                0x08007668                        _entropy_driver_api_ext_end = .
                0x08007668                        _espi_driver_api_list_start = .
 *(SORT_BY_NAME(SORT_BY_ALIGNMENT(._espi_driver_api.static.*)))
                0x08007668                        _espi_driver_api_list_end = .
                0x08007668                        _emul_espi_driver_api_list_start = .
 *(SORT_BY_NAME(SORT_BY_ALIGNMENT(._emul_espi_driver_api.static.*)))
                0x08007668                        _emul_espi_driver_api_list_end = .
                0x08007668                        _emul_espi_driver_api_ext_end = .
                0x08007668                        _espi_driver_api_ext_end = .
                0x08007668                        _espi_saf_driver_api_list_start = .
 *(SORT_BY_NAME(SORT_BY_ALIGNMENT(._espi_saf_driver_api.static.*)))
                0x08007668                        _espi_saf_driver_api_list_end = .
                0x08007668                        _espi_saf_driver_api_ext_end = .
                0x08007668                        _flash_driver_api_list_start = .
 *(SORT_BY_NAME(SORT_BY_ALIGNMENT(._flash_driver_api.static.*)))
                0x08007668                        _flash_driver_api_list_end = .
                0x08007668                        _flash_driver_api_ext_end = .
                0x08007668                        _fpga_driver_api_list_start = .
 *(SORT_BY_NAME(SORT_BY_ALIGNMENT(._fpga_driver_api.static.*)))
                0x08007668                        _fpga_driver_api_list_end = .
                0x08007668                        _fpga_driver_api_ext_end = .
                0x08007668                        _fuel_gauge_driver_api_list_start = .
 *(SORT_BY_NAME(SORT_BY_ALIGNMENT(._fuel_gauge_driver_api.static.*)))
                0x08007668                        _fuel_gauge_driver_api_list_end = .
                0x08007668                        _fuel_gauge_driver_api_ext_end = .
                0x08007668                        _gnss_driver_api_list_start = .
 *(SORT_BY_NAME(SORT_BY_ALIGNMENT(._gnss_driver_api.static.*)))
                0x08007668                        _gnss_driver_api_list_end = .
                0x08007668                        _gnss_driver_api_ext_end = .
                0x08007668                        _gpio_driver_api_list_start = .
 *(SORT_BY_NAME(SORT_BY_ALIGNMENT(._gpio_driver_api.static.*)))
                0x08007668                        _gpio_driver_api_list_end = .
                0x08007668                        _gpio_driver_api_ext_end = .
                0x08007668                        _haptics_driver_api_list_start = .
 *(SORT_BY_NAME(SORT_BY_ALIGNMENT(._haptics_driver_api.static.*)))
                0x08007668                        _haptics_driver_api_list_end = .
                0x08007668                        _haptics_driver_api_ext_end = .
                0x08007668                        _hwspinlock_driver_api_list_start = .
 *(SORT_BY_NAME(SORT_BY_ALIGNMENT(._hwspinlock_driver_api.static.*)))
                0x08007668                        _hwspinlock_driver_api_list_end = .
                0x08007668                        _hwspinlock_driver_api_ext_end = .
                0x08007668                        _i2c_driver_api_list_start = .
 *(SORT_BY_NAME(SORT_BY_ALIGNMENT(._i2c_driver_api.static.*)))
                0x08007668                        _i2c_driver_api_list_end = .
                0x08007668                        _i3c_driver_api_list_start = .
 *(SORT_BY_NAME(SORT_BY_ALIGNMENT(._i3c_driver_api.static.*)))
                0x08007668                        _i3c_driver_api_list_end = .
                0x08007668                        _i3c_driver_api_ext_end = .
                0x08007668                        _i2c_driver_api_ext_end = .
                0x08007668                        _i2c_target_driver_api_list_start = .
 *(SORT_BY_NAME(SORT_BY_ALIGNMENT(._i2c_target_driver_api.static.*)))
                0x08007668                        _i2c_target_driver_api_list_end = .
                0x08007668                        _i2c_target_driver_api_ext_end = .
                0x08007668                        _i2s_driver_api_list_start = .
 *(SORT_BY_NAME(SORT_BY_ALIGNMENT(._i2s_driver_api.static.*)))
                0x08007668                        _i2s_driver_api_list_end = .
                0x08007668                        _i2s_driver_api_ext_end = .
                0x08007668                        _ipm_driver_api_list_start = .
 *(SORT_BY_NAME(SORT_BY_ALIGNMENT(._ipm_driver_api.static.*)))
                0x08007668                        _ipm_driver_api_list_end = .
                0x08007668                        _ipm_driver_api_ext_end = .
                0x08007668                        _led_driver_api_list_start = .
 *(SORT_BY_NAME(SORT_BY_ALIGNMENT(._led_driver_api.static.*)))
                0x08007668                        _led_driver_api_list_end = .
                0x08007668                        _led_driver_api_ext_end = .
                0x08007668                        _led_strip_driver_api_list_start = .
 *(SORT_BY_NAME(SORT_BY_ALIGNMENT(._led_strip_driver_api.static.*)))
                0x08007668                        _led_strip_driver_api_list_end = .
                0x08007668                        _led_strip_driver_api_ext_end = .
                0x08007668                        _lora_driver_api_list_start = .
 *(SORT_BY_NAME(SORT_BY_ALIGNMENT(._lora_driver_api.static.*)))
                0x08007668                        _lora_driver_api_list_end = .
                0x08007668                        _lora_driver_api_ext_end = .
                0x08007668                        _mbox_driver_api_list_start = .
 *(SORT_BY_NAME(SORT_BY_ALIGNMENT(._mbox_driver_api.static.*)))
                0x08007668                        _mbox_driver_api_list_end = .
                0x08007668                        _mbox_driver_api_ext_end = .
                0x08007668                        _mdio_driver_api_list_start = .
 *(SORT_BY_NAME(SORT_BY_ALIGNMENT(._mdio_driver_api.static.*)))
                0x08007668                        _mdio_driver_api_list_end = .
                0x08007668                        _mdio_driver_api_ext_end = .
                0x08007668                        _mipi_dbi_driver_api_list_start = .
 *(SORT_BY_NAME(SORT_BY_ALIGNMENT(._mipi_dbi_driver_api.static.*)))
                0x08007668                        _mipi_dbi_driver_api_list_end = .
                0x08007668                        _mipi_dbi_driver_api_ext_end = .
                0x08007668                        _mipi_dsi_driver_api_list_start = .
 *(SORT_BY_NAME(SORT_BY_ALIGNMENT(._mipi_dsi_driver_api.static.*)))
                0x08007668                        _mipi_dsi_driver_api_list_end = .
                0x08007668                        _mipi_dsi_driver_api_ext_end = .
                0x08007668                        _mspi_driver_api_list_start = .
 *(SORT_BY_NAME(SORT_BY_ALIGNMENT(._mspi_driver_api.static.*)))
                0x08007668                        _mspi_driver_api_list_end = .
                0x08007668                        _emul_mspi_driver_api_list_start = .
 *(SORT_BY_NAME(SORT_BY_ALIGNMENT(._emul_mspi_driver_api.static.*)))
                0x08007668                        _emul_mspi_driver_api_list_end = .
                0x08007668                        _emul_mspi_driver_api_ext_end = .
                0x08007668                        _mspi_driver_api_ext_end = .
                0x08007668                        _opamp_driver_api_list_start = .
 *(SORT_BY_NAME(SORT_BY_ALIGNMENT(._opamp_driver_api.static.*)))
                0x08007668                        _opamp_driver_api_list_end = .
                0x08007668                        _opamp_driver_api_ext_end = .
                0x08007668                        _otp_driver_api_list_start = .
 *(SORT_BY_NAME(SORT_BY_ALIGNMENT(._otp_driver_api.static.*)))
                0x08007668                        _otp_driver_api_list_end = .
                0x08007668                        _otp_driver_api_ext_end = .
                0x08007668                        _peci_driver_api_list_start = .
 *(SORT_BY_NAME(SORT_BY_ALIGNMENT(._peci_driver_api.static.*)))
                0x08007668                        _peci_driver_api_list_end = .
                0x08007668                        _peci_driver_api_ext_end = .
                0x08007668                        _ps2_driver_api_list_start = .
 *(SORT_BY_NAME(SORT_BY_ALIGNMENT(._ps2_driver_api.static.*)))
                0x08007668                        _ps2_driver_api_list_end = .
                0x08007668                        _ps2_driver_api_ext_end = .
                0x08007668                        _ptp_clock_driver_api_list_start = .
 *(SORT_BY_NAME(SORT_BY_ALIGNMENT(._ptp_clock_driver_api.static.*)))
                0x08007668                        _ptp_clock_driver_api_list_end = .
                0x08007668                        _ptp_clock_driver_api_ext_end = .
                0x08007668                        _pwm_driver_api_list_start = .
 *(SORT_BY_NAME(SORT_BY_ALIGNMENT(._pwm_driver_api.static.*)))
                0x08007668                        _pwm_driver_api_list_end = .
                0x08007668                        _pwm_driver_api_ext_end = .
                0x08007668                        _regulator_parent_driver_api_list_start = .
 *(SORT_BY_NAME(SORT_BY_ALIGNMENT(._regulator_parent_driver_api.static.*)))
                0x08007668                        _regulator_parent_driver_api_list_end = .
                0x08007668                        _regulator_parent_driver_api_ext_end = .
                0x08007668                        _regulator_driver_api_list_start = .
 *(SORT_BY_NAME(SORT_BY_ALIGNMENT(._regulator_driver_api.static.*)))
                0x08007668                        _regulator_driver_api_list_end = .
                0x08007668                        _regulator_driver_api_ext_end = .
                0x08007668                        _reset_driver_api_list_start = .
 *(SORT_BY_NAME(SORT_BY_ALIGNMENT(._reset_driver_api.static.*)))
                0x08007668                        _reset_driver_api_list_end = .
                0x08007668                        _reset_driver_api_ext_end = .
                0x08007668                        _retained_mem_driver_api_list_start = .
 *(SORT_BY_NAME(SORT_BY_ALIGNMENT(._retained_mem_driver_api.static.*)))
                0x08007668                        _retained_mem_driver_api_list_end = .
                0x08007668                        _retained_mem_driver_api_ext_end = .
                0x08007668                        _rtc_driver_api_list_start = .
 *(SORT_BY_NAME(SORT_BY_ALIGNMENT(._rtc_driver_api.static.*)))
                0x08007668                        _rtc_driver_api_list_end = .
                0x08007668                        _rtc_driver_api_ext_end = .
                0x08007668                        _sdhc_driver_api_list_start = .
 *(SORT_BY_NAME(SORT_BY_ALIGNMENT(._sdhc_driver_api.static.*)))
                0x08007668                        _sdhc_driver_api_list_end = .
                0x08007668                        _sdhc_driver_api_ext_end = .
                0x08007668                        _sensor_driver_api_list_start = .
 *(SORT_BY_NAME(SORT_BY_ALIGNMENT(._sensor_driver_api.static.*)))
                0x08007668                        _sensor_driver_api_list_end = .
                0x08007668                        _sensor_driver_api_ext_end = .
                0x08007668                        _smbus_driver_api_list_start = .
 *(SORT_BY_NAME(SORT_BY_ALIGNMENT(._smbus_driver_api.static.*)))
                0x08007668                        _smbus_driver_api_list_end = .
                0x08007668                        _smbus_driver_api_ext_end = .
                0x08007668                        _spi_driver_api_list_start = .
 *(SORT_BY_NAME(SORT_BY_ALIGNMENT(._spi_driver_api.static.*)))